	SRR7217923	SRR7217925	SRR7217927	SRR7217929
thrL	0	0	0	0
thrA	22	28	28	32
thrB	34	33	89	67
thrC	108	84	153	143
yaaX	2	1	0	0
yaaA	37	28	30	36
yaaJ	9	12	54	48
talB	1154	1064	1461	1672
mog	40	37	51	63
satP	3	8	8	7
yaaW	0	0.5	0	0
mbiA	0	0.5	0	0
yaaI	0	0	0	0
dnaK	598	570	567	569
dnaJ	74	90	82	71
insL-1	0	0	0	0
mokC	0	2	0	0
hokC	0	0	0	0
sokC	0	0	0	0
nhaA	105	84	89	94
nhaR	19	23	26	22
insB-1	0	0	0	0
insA-1	0	0	0	0
rpsT	127	121	51	44
yaaY	0	0	0	0
ribF	146	121	134	131
ileS	565	596	401	470
lspA	37	28	25	30
fkpB	15	9	12	12
ispH	61	69	45	40
rihC	198	149	287	358
dapB	39	38	59	55
carA	18	22	9	9
carB	63	86	45	62
caiF	3	3	5	9
caiE	0	1	0	0
caiD	0	0	1	1
caiC	6	11	4	8
caiB	4	3	8	3
caiA	6	12	12	11
caiT	0	0	0	2
fixA	1	1	0	0
fixB	0	0	0	1
fixC	0	0	1	0
fixX	0	0	0	0
yaaU	0	2	0	1
kefF	2	2	0	4
kefC	12	15	10	12
folA	30	35	16	13
apaH	43	33	33	31
apaG	9	4	4	6
rsmA	106	74	77	89
pdxA	73	61	72	52
surA	271	297	217	213
lptD	457	380	344	345
djlA	51	26	40	34
yabP	8	6	5	2
yabQ	0	0	0	0
rluA	17	22	10	13
rapA	152	188	72	91
polB	23	25	43	40
araD	0	2	2	2
araA	7	8	17	14
araB	2	2	10	4
araC	3	11	14	20
yabI	8	6	12	8
thiQ	2	1	1	2
thiP	6	7	4	2
thiB	24	14	14	13
sgrR	20	20	23	10
sgrS	1	1	1	4
sgrT	0	0	0	0
setA	13	1	11	10
leuD	4	1	4	0
leuC	6	2	5	7
leuB	4	4	4	5
leuA	5	2	6	3
leuL	0	0	0	0
leuO	0	3	7	7
yabR	0	0	0	0
ilvI	5	8	12	8
ilvH	3	0	1	0
cra	185	157	296	365
mraZ	12	25	21	23
rsmH	67	58	79	63
ftsL	4	3	3	6
ftsI	70	50	72	75
murE	98	108	113	115
murF	61	61	66	66
mraY	31	40	41	52
murD	86	73	112	97
ftsW	47	45	40	36
murG	60	63	88	116
murC	144	154	194	197
ddlB	78	77	92	95
ftsQ	46	56	71	61
ftsA	89	63	108	90
ftsZ	329	340	473	463
lpxC	903	828	799	680
secM	41	18	45	34
secA	601	547	408	431
mutT	2	4	5	1
yacG	0	0	1	0
zapD	48	23	26	25
coaE	15	8	8	12
yacM	0	0	0	0
guaC	70	74	65	53
hofC	2	6	2	1
hofB	3	5	5	10
ppdD	0	0	1	0
nadC	33	32	54	64
ampD	23	19	26	36
ampE	49	44	99	83
aroP	15	21	19	21
pdhR	226	139	77	76
aceE	3616	4576	2190	2251
aceF	2239	3258	1744	1808
lpd	1706	2006	1186	1246
yacH	5	3	5	8
acnB	1964	1970	1542	1632
yacL	3	8	9	20
speD	124	146	67	72
speE	121	119	75	71
yacC	12	4	11	7
cueO	56	57	71	65
gcd	84	117	23	18
hpt	63	60	46	50
can	108	80	50	45
yadG	32	53	50	33
yadH	33	31	25	44
yadI	1	6	11	18
yadE	15	10	14	14
panD	31	17	20	23
rpnC	2	0	0	2
panC	132	122	146	180
panB	120	111	165	164
yadC	0	2	1	1
yadK	0	0	0	0
yadL	0	0	1	0
yadM	0	1	0	0
htrE	0	2	1	1
yadV	0	0	0	0
yadN	0	0	0	0
folK	6	4	2	3
pcnB	317	233	166	122
gluQ	16	9	8	11
dksA	130	90	146	161
sfsA	20	40	82	71
thpR	8	7	5	13
hrpB	47	55	60	61
mrcB	97	112	76	81
fhuA	61	73	20	35
fhuC	9	11	2	5
fhuD	4	8	4	2
fhuB	16	12	5	7
hemL	136	128	132	147
clcA	44	33	60	47
yadW	0	0	0	0
erpA	14	12	7	6
yadS	11	5	4	3
btuF	9	6	9	10
mtn	123	108	123	142
dgt	40	26	46	46
degP	123	77	88	110
cdaR	20	28	38	60
yaeH	34	32	67	83
yaeI	1	4	6	6
dapD	214	164	272	268
glnD	56	44	52	63
map	205	195	131	132
tff	4	5	2	1
rpsB	1397	1453	950	997
tsf	1243	1358	992	930
pyrH	98	93	62	59
frr	222	223	198	209
dxr	21	31	27	22
ispU	94	68	72	75
cdsA	93	82	68	68
rseP	161	121	116	114
bamA	616	616	452	534
skp	144	138	154	156
lpxD	292	298	244	245
fabZ	72	56	52	43
lpxA	218	223	180	156
lpxB	109	98	91	78
rnhB	34	26	16	16
dnaE	248	192	143	126
accA	303	282	205	176
ldcC	39	31	45	56
yaeR	1	4	1	4
tilS	23	22	28	21
rof	5	2	4	6
yaeP	3	2	3	6
yaeQ	21	19	22	22
arfB	4	5	4	11
nlpE	29	15	19	25
yaeF	4	2	2	2
proS	417	495	305	295
trmO	16	10	14	13
rcsF	13	5	20	10
metQ	54	46	48	57
metI	9	7	4	8
metN	22	21	14	8
gmhB	43	28	48	36
rrsH	49	9	10	9
ileV	0	0	0	0
alaV	0	0	0	0
rrlH	116	34.5	52	29
rrfH	0	0	0	0
aspU	0	0	0	0
dkgB	6	7	7	5
yafC	11	6	17	15
yafD	23	30	47	51
yafE	4	6	7	9
mltD	516	371	342	257
gloB	18	17	18	16
yafS	14	18	27	25
rnhA	13	8	16	11
dnaQ	27	32	26	21
aspV	0	0	0	0
yafT	8	3	0	0
ykfM	0	1	0	0
yafV	10	5	20	20
ivy	8	7	20	29
fadE	51	52	11	19
lpcA	55	45	71	91
yafJ	28	33	20	32
yafK	59	41	37	25
yafQ	2	0	0	2
dinJ	1	1	3	1
yafL	0	1	2	1
rayT	11	6	20	19
dinB	14	15	6	13
yafN	1	0	0	0
yafO	0	0	0	1
yafP	0	0	0	0
pepD	579	589	774	761
gpt	56	30	22	20
frsA	56	53	62	61
insB9	0	0	0	0
insA9	0	0	0	0
phoE	1	0	0	1
proB	80	63	86	75
proA	83	80	69	79
thrW	0	0	0	0
ykfI	0	0	0	0
yafW	0	0	0	2
ykfH	0	0	0	0
ykfG	0	0	1	0
yafX	6	3	5	3
ykfF	0	1	0	2
ykfB	3	9	7	12
yafY	0	0	0	0
yafZ	1	0	0	0
ykfA	6	3	9	7
perR	1	0	3	0
insI-1	7	4	8	7
eyeA	0	0	0	0
ykfC	1	4	7	7
insH-1	0	0	0	0
mmuP	4	2	2	2
mmuM	25	43	95	86
afuC	2	2	3	1
insB-2	0	0	0	0
insA-2	0	0	0	0
yagB	0	0	2	0
yagA	0	0	0	0
yagE	12	6	17	18
yagF	37	31	60	45
yagG	2	0	1	3
yagH	4	1	5	5
xynR	10	9	10	10
argF	12	3	2	6
ykgS	0	0	0	0
insB-3	0	0	0	0
insA-3	0	0	0	0
yagJ	4	5	6	8
yagK	1	2	1	2
yagL	0	0	0	1
yagM	0	0	0	1
ykgV	0	0	0	0
yagN	4	7	8	9
intF	15	13	14	11
yagP	1	0	0	1
paoD	0	0	0	3
paoC	3	1	2	4
paoB	1	0	0	0
paoA	1	0	1	0
yagU	22	22	44	27
ykgJ	0	0	1	0
ecpE	2	2	2	2
ecpD	3	1	9	7
ecpC	4	3	2	1
ecpB	0	0	0	0
ecpA	4	0	5	5
ecpR	0	0	0	0
ykgL	0	0	0	0
ykgO	0	0	0	0
ykgM	0	0	0	0
ykgR	0	0	0	0
insE-1	0	0	0	0
insF-1	0	0	0	0
rclC	1	0	0	1
rclB	0	0	0	0
rclA	4	4	1	2
rclR	2	1	1	2
ykgE	41	50	129	108
ykgF	143	148	331	334
ykgG	44	39	98	113
ykgH	2	2	0	1
betA	72	57	26	22
betB	115	109	55	36
betI	38	27	23	15
betT	166	158	32	31
yahV	0	0	0	0
pdeL	7	7	3	1
yahB	3	3	6	10
yahC	0	0	1	0
yahD	2	3	4	5
yahE	0	0	1	0
yahF	0	0	1	2
yahG	1	2	3	2
yahH	0	0	0	0
yahI	1	1	1	0
yahJ	10	16	12	12
yahK	17	12	14	15
yahL	1	0	0	0
yahM	0	0	0	0
yahN	2	6	12	16
yahO	4	3	8	6
prpR	0	1	1	1
prpB	1	1	2	0
prpC	0	1	0	0
prpD	1	0	0	0
prpE	0	3	2	3
codB	18	14	6	10
codA	28	33	24	30
cynR	6	6	6	4
cynT	1	2	2	2
cynS	1	1	2	0
cynX	1	3	1	2
lacA	0	1	0	0
lacY	2	2	0	0
lacZ	19	8	17	23
lacI	38	19	26	17
mhpR	22	11	6	8
mhpA	0	3	0	0
mhpB	0	0	0	0
mhpC	1	0	0	1
mhpD	0	0	1	0
mhpF	2	3	1	0
mhpE	0	0	0	2
mhpT	3	0	2	2
yaiL	18	13	18	24
frmB	16	19	21	11
frmA	60	54	41	69
frmR	3	2	2	2
yaiO	1	2	2	1
insC-1	0	0	0	0
insD-1	0	0	0	0
yaiP	0	1	0	2
ykiC	0	0	0	0
yaiS	0	0	0	0
tauA	0	0	0	0
tauB	0	0	0	0
tauC	0	0	0	0
tauD	0	1	0	2
hemB	96	108	110	105
insF-2	0	0	0	0
insE-2	0	0	0	0
iprA	0	0	2	1
ampH	32	19	31	19
sbmA	9	12	13	5
yaiW	12	11	18	16
yaiY	0	0	0	0
yaiZ	0	1	2	1
ddlA	91	84	105	95
iraP	3	1	3	4
phoA	18	4	22	18
psiF	1	1	0	2
dgcC	2	0	0	3
proC	46	48	42	37
yaiI	27	24	49	33
aroL	19	14	24	16
yaiA	2	1	0	1
aroM	10	10	5	7
ppnP	20	15	31	39
ykiD	0	0	0	0
rdgC	61	55	39	42
mak	10	7	21	29
araJ	6	2	5	2
sbcC	41	37	32	34
sbcD	26	22	22	12
phoB	3	2	2	5
phoR	5	5	5	4
brnQ	95	73	69	67
proY	57	57	39	29
malZ	8	14	17	18
acpH	2	1	6	4
queA	109	83	55	35
tgt	153	151	97	103
yajC	35	22	36	29
secD	377	380	261	208
secF	158	157	103	101
yajD	3	7	10	13
tsx	184	212	297	343
yajI	7	6	7	4
nrdR	23	27	46	36
ribD	82	67	91	86
ribE	67	58	47	35
nusB	76	75	57	49
thiL	31	34	32	21
pgpA	19	22	45	42
yajO	106	102	163	206
dxs	234	200	218	193
ispA	116	84	115	102
xseB	3	3	1	2
thiI	155	152	96	67
yajL	13	20	27	34
panE	17	23	49	48
yajQ	63	48	73	63
yajR	28	23	9	11
cyoE	347	393	192	186
cyoD	25	19	9	11
cyoC	154	168	61	46
cyoB	1581	1668	480	465
cyoA	830	892	196	179
ampG	84	70	61	60
yajG	66	40	39	39
bolA	13	15	28	41
tig	1767	1857	1061	967
clpP	171	178	272	281
clpX	493	499	638	571
lon	408	375	312	359
hupB	88	71	77	104
ppiD	455	399	400	344
ybaV	5	1	7	7
fadM	1	0	1	0
queC	26	14	25	21
ybaE	10	18	33	36
cof	29	27	46	45
decR	4	12	4	10
mdlA	20	23	9	17
mdlB	19	18	18	19
glnK	0	0	1	0
amtB	5	5	8	4
tesB	34	32	24	47
ybaY	30	11	35	27
atl	0	4	6	6
ffs	4	3	7	6
ybaA	2	2	1	0
pdeB	21	10	22	16
ylaC	35	24	13	12
maa	6	7	6	3
hha	2	1	1	2
tomB	4	3	2	1
acrB	352	398	243	241
acrA	115	96	63	66
acrR	9	7	7	6
mscK	106	88	69	71
ybaM	0	0	1	0
priC	11	2	18	10
ybaN	1	0	0	3
apt	59	46	30	13
dnaX	205	202	166	118
ybaB	28	27	34	31
recR	120	128	88	95
htpG	186	199	219	208
adk	265	216	129	147
hemH	35	26	36	37
aes	12	9	19	24
gsk	80	76	60	45
ybaL	137	153	104	112
fsr	16	15	18	19
ushA	106	118	228	252
ybaK	8	5	5	4
chiX	0	0	0	0
ybaP	15	12	19	20
ybaQ	2	2	2	3
copA	174	165	271	275
glsA	0	0	1	1
ybaT	3	3	1	4
cueR	2	3	10	8
ybbJ	14	5	17	18
qmcA	29	32	58	88
fetA	11	17	18	18
fetB	12	11	15	17
cnoX	58	37	67	63
ybbO	43	25	34	35
tesA	26	29	37	34
ybbA	8	6	9	4
ybbP	18	14	20	22
rhsD	7	2	12	17
ybbC	0	0	0	0
ylbG	0	0	0	0
selU	20	15	11	11
allS	0	0	0	0
allA	0	1	1	1
allR	42	29	45	35
gcl	0	0	2	1
hyi	0	0	0	0
glxR	1	0	0	2
ybbW	0	1	0	0
allB	3	3	5	2
ybbY	1	1	1	0
glxK	2	2	1	1
allE	6	6	9	6
allC	4	4	4	4
allD	1	1	2	2
fdrA	0	0	1	1
ylbE	0	1	0	0
ylbF	3	0	0	0
ybcF	1	1	4	0
purK	29	31	16	10
purE	10	8	4	3
lpxH	26	21	23	13
ppiB	126	94	85	82
cysS	122	104	92	89
ybcI	0	0	0	1
ybcJ	3	2	3	2
folD	115	115	80	102
sfmA	0	0	0	0
sfmC	0	0	0	0
sfmD	1	3	3	0
sfmH	0	0	0	0
sfmF	0	0	0	0
fimZ	0	0	0	1
argU	0	0	0	0
intD	24	11	25	20
insE-3	0	0	0	0
insF-3	0	0	0	0
emrE	2	2	0	2
ylcJ	0	0	0	0
ybcK	0	2	0	1
ybcL	1	0	5	2
ybcM	5	3	5	3
ylcH	0	0	0	0
ybcN	0	1	0	0
ninE	0	0	0	0
ybcO	0	0	0	0
rusA	0	0	0	0
ylcG	0	0	0	0
ybcQ	0	0	0	0
insH-2	0	0	0	0
essD	0	0	0	0
rrrD	0	0	1	0
rzpD	1	1	0	0
rzoD	0	0	0	0
borD	10	5	3	6
ybcV	0	1	0	0
ybcW	0	0	0	0
ylcI	0	0	0	0
nohD	0	0	1	1
tfaD	0	0	0	0
tfaX	0	0	0	0
appY	3	0	3	0
ompT	114	109	120	120
envY	1	1	0	0
ybcH	4	4	0	1
nfrA	10	5	14	17
nfrB	5	4	8	4
cusS	7	8	7	7
cusR	22	10	8	7
cusC	1	2	0	0
cusF	0	0	0	0
cusB	3	0	1	2
cusA	4	4	7	1
pheP	55	47	31	20
ybdG	39	47	41	42
nfsB	120	122	120	143
ybdF	2	5	5	4
ybdJ	0	0	0	0
ybdK	5	6	26	21
sokE	0	0	0	0
hokE	0	0	0	0
insL-2	0	0	0	0
entD	3	1	0	0
fepA	68	62	4	1
fes	17	8	0	0
ybdZ	0	0	0	0
entF	100	64	6	2
fepE	2	0	0	0
fepC	4	4	0	0
fepG	5	4	0	0
fepD	5	3	0	0
entS	14	13	1	5
fepB	12	5	0	2
entC	49	28	1	0
entE	68	39	1	2
entB	37	30	2	1
entA	24	17	2	1
entH	6	1	2	1
cstA	399	383	840	991
ybdD	0	0	0	1
hcxA	5	4	10	14
ybdL	3	8	0	3
ybdM	1	2	4	2
ybdN	1	0	0	1
ybdO	0	1	1	0
dsbG	12	10	19	2
ahpC	1098	1089	968	994
ahpF	462	495	357	403
uspG	90	70	166	275
ybdR	3	4	9	2
yldA	0	0	0	0
rnk	11	9	13	8
rna	33	20	30	34
citT	1	0	0	2
citG	0	0	3	2
citX	0	1	0	0
citF	4	1	2	2
citE	1	1	1	1
citD	0	0	0	0
citC	0	1	0	1
dpiB	14	5	12	12
dpiA	16	23	30	23
dcuC	433	459	1095	1195
pagP	7	2	4	4
cspE	113	128	64	105
crcB	2	0	4	4
tatE	0	1	0	1
lipA	220	229	181	146
ybeF	6	1	2	2
lipB	23	22	27	18
ybeD	4	5	2	8
dacA	137	116	80	68
rlpA	55	66	49	43
mrdB	21	14	13	20
mrdA	73	52	42	26
rlmH	23	26	16	12
rsfS	17	5	10	15
cobC	5	1	3	2
nadD	21	15	18	13
holA	47	35	23	25
lptE	50	45	35	45
leuS	496	527	386	384
ybeL	52	49	121	150
ybeQ	5	3	8	9
ybeR	0	0	0	0
djlB	0	0	2	2
ybeT	0	0	0	0
ybeU	0	1	0	0
djlC	2	1	3	3
hscC	27	14	36	23
rihA	197	186	331	374
gltL	18	19	18	21
gltK	11	8	12	12
gltJ	11	5	10	8
gltI	59	48	53	62
insH-3	0	0	0	0
lnt	102	68	68	50
ybeX	101	121	97	84
ybeY	13	13	19	15
ybeZ	113	103	123	121
miaB	164	147	94	89
ubiF	52	69	98	92
glnX	0	0	0	0
glnV	0	0	0	0
metU	0	0	0	0
glnW	0	0	0	0
glnU	0	0	0	0
leuW	0	1	0	0
metT	0	0	0	0
asnB	39	27	34	44
umpH	70	65	75	91
nagC	94	103	192	144
nagA	83	99	192	201
nagB	149	176	309	355
nagE	732	755	1582	1662
glnS	384	392	322	314
chiP	6	6	9	6
chiQ	0	0	0	1
fur	109	85	68	67
uof	0	0	0	0
fldA	143	106	67	80
ybfE	4	1	3	5
ybfF	16	8	11	20
seqA	62	45	63	48
pgm	398	342	416	456
ybfP	0	2	0	0
potE	3	2	5	1
speF	2	3	1	1
ybfK	0	0	0	0
kdpE	4	2	7	2
kdpD	15	22	27	20
kdpC	2	1	1	1
kdpB	2	3	2	0
kdpA	0	1	0	1
kdpF	0	0	0	0
ybfA	0	2	2	1
rhsC	15	12	18	15
ybfB	0	0	0	0
ybfC	0	1	0	1
ybfQ	0	0	0	0
ybfD	1	1	0	0
ybgA	5	4	11	11
phr	20	15	33	26
dtpD	7	4	4	8
ybgI	38	26	59	85
pxpB	18	9	38	29
pxpC	35	31	63	74
pxpA	15	12	21	29
nei	11	5	13	16
abrB	8	10	39	49
ybgO	4	1	2	3
ybgP	1	0	2	0
ybgQ	1	0	1	1
ybgD	0	0	0	0
gltA	663	497	526	544
ybgU	0	0	0	0
sdhC	41	33	8	7
sdhD	13	22	2	7
sdhA	1066	838	260	296
sdhB	241	200	96	92
sucA	696	598	354	324
sucB	566	559	489	566
sucC	378	344	360	406
sucD	255	265	237	292
mngR	5	15	6	9
mngA	0	0	0	0
mngB	7	8	15	9
cydA	1720	1720	2737	2952
cydB	909	993	1564	1838
cydX	0	0	2	1
ybgE	9	10	15	12
ybgC	13	12	13	8
tolQ	48	39	27	22
tolR	7	4	5	6
tolA	50	54	31	31
tolB	226	219	151	102
pal	247	255	274	387
cpoB	147	167	142	116
lysT	0	0	0	0
valT	0	0	0	0
lysW	0	0	0	0
valZ	0	0	0	0
lysY	0	0	0	0
lysZ	0	0	0	0
lysQ	0	0	0	0
nadA	11	7	16	12
pnuC	8	7	20	21
zitB	14	11	14	14
ybgS	1	2	0	1
aroG	108	126	185	212
gpmA	340	369	445	530
galM	147	133	240	244
galK	70	88	153	173
galT	52	33	70	84
galE	60	71	77	104
modF	33	17	21	22
modE	30	32	32	37
acrZ	2	4	0	0
modA	40	33	38	31
modB	11	5	9	7
modC	12	10	26	15
ybhA	20	9	12	16
pgl	92	73	127	150
ybhD	0	1	1	2
ybhH	0	0	0	0
ybhI	0	0	0	0
ybhJ	6	4	4	6
ybhC	64	70	36	35
ybhB	18	28	22	23
bioA	39	33	13	10
bioB	27	15	4	11
bioF	30	13	11	8
bioC	5	9	1	1
bioD	4	5	7	6
uvrB	102	93	98	125
ybhK	28	16	18	13
moaA	78	68	91	60
moaB	32	30	30	64
moaC	13	16	14	27
moaD	1	0	1	1
moaE	9	4	12	16
ybhL	90	79	177	159
ybhM	0	1	1	1
ybhN	1	1	0	1
clsB	4	3	2	3
ybhP	3	0	2	2
ybhQ	29	28	47	61
ybhR	24	15	43	40
ybhS	28	30	49	54
ybhF	143	130	281	305
ybhG	71	79	175	222
cecR	14	18	35	55
rhlE	180	185	108	82
ybiA	14	10	32	30
dinG	91	82	112	104
ybiB	88	67	99	123
hcxB	33	30	37	37
ybiJ	0	0	1	0
ybiI	0	0	0	1
ybiX	15	14	2	4
fiu	148	109	1	6
mcbA	0	0	0	1
rlmF	30	30	23	11
ybiO	7	7	3	7
glnQ	47	42	35	37
glnP	56	39	31	32
glnH	167	85	135	123
dps	164	124	236	296
rhtA	11	17	8	9
yliM	0	0	0	0
ompX	567	571	370	451
opgE	21	19	6	4
rybA	3	4	5	6.5
mntS	0	0	0	0.5
mntR	9	5	6	11
ybiR	12	9	11	7
ldtB	112	87	58	50
ybiT	190	172	104	93
ybiU	8	5	1	4
ybiV	14	12	9	11
ybiW	13	3	16	17
ybiY	1	1	3	3
fsaA	5	6	15	11
moeB	18	20	23	28
moeA	48	57	68	92
iaaA	23	19	21	33
gsiA	25	40	48	69
gsiB	29	12	29	42
gsiC	5	8	12	10
gsiD	5	3	4	4
pdeI	3	3	5	3
dgcI	0	1	2	4
rimO	73	60	44	28
bssR	16	15	46	67
yliI	3	8	10	11
gstB	24	10	30	27
dacC	70	65	88	115
deoR	23	23	29	24
ybjG	14	12	2	3
mdfA	24	42	18	16
ybjH	2	1	3	0
ybjI	11	28	17	29
ybjJ	17	16	13	15
rcdA	6	9	17	8
rybB	0	0	0	0
ybjL	53	56	71	44
ybjM	1	1	2	4
grxA	5	3	2	1
ybjC	3	3	2	4
nfsA	46	45	41	35
rimK	45	32	33	27
ybjN	44	31	51	43
potF	4	7	0	3
potG	2	1	1	0
potH	1	0	0	0
potI	2	0	0	1
ybjO	2	2	5	1
rlmC	11	6	9	3
artJ	13	19	1	9
artM	46	38	24	37
artQ	48	36	29	38
artI	80	74	78	92
artP	47	46	26	33
ybjP	3	12	15	35
ybjQ	6	4	11	9
amiD	38	32	44	58
ybjS	35	19	26	19
ybjT	18	20	25	37
ltaE	43	40	45	58
poxB	51	45	54	52
hcr	13	2	28	25
hcp	17	23	74	99
lysO	27	10	2	4
aqpZ	10	4	5	5
ybjD	42	34	75	84
ybjX	52	58	44	35
macA	24	18	24	26
macB	23	14	27	31
cspD	7	8	10	24
clpS	4	1	1	9
clpA	840	827	1820	1805
serW	0	0	0	0
infA	34	37	20	21
aat	9	4	6	6
cydC	46	51	50	56
cydD	26	26	35	28
trxB	132	112	61	75
lrp	73	44	71	68
ftsK	366	314	299	309
lolA	28	37	39	58
rarA	70	55	65	64
serS	667	664	1046	1145
dmsA	564	505	1274	1401
dmsB	117	69	176	228
dmsC	214	170	376	449
ycaC	17	11	17	19
ycaD	16	4	8	6
ycaM	17	14	13	12
ycaN	4	3	3	1
ycaK	1	0	0	0
pflA	63	42	67	57
pflB	7867	8979	9474	10290
focA	86	69	254	151
ycaO	213	196	78	67
ycaP	5	2	5	7
serC	90	62	71	83
aroA	22	38	27	14
ycaL	3	4	3	1
cmk	59	65	32	22
rpsA	5063	5673	2558	2304
ihfB	14	14	23	18
ycaI	7	5	8	11
msbA	216	221	126	127
lpxK	59	70	49	44
ycaQ	12	6	6	7
ycaR	2	1	1	2
kdsB	68	57	95	76
ycbJ	117	189	531	597
elyC	19	13	25	20
cmoM	36	62	64	48
mukF	32	32	33	20
mukE	26	28	14	28
mukB	343	373	355	331
ldtD	94	67	125	138
ycbK	43	33	35	31
gloC	80	53	66	72
aspC	188	188	187	188
ompF	1757	1648	2288	2433
asnS	357	369	282	238
pncB	175	125	87	61
pepN	198	175	251	252
ssuB	3	0	1	0
ssuC	0	0	0	0
ssuD	0	1	2	1
ssuA	0	0	0	0
ssuE	0	0	2	0
elfA	0	2	0	1
elfD	0	0	1	0
elfC	5	2	2	2
elfG	7	4	2	0
ycbU	1	0	0	1
ycbV	0	0	2	0
ycbF	3	3	5	3
pyrD	45	39	29	29
zapC	10	8	4	6
ycbX	45	43	47	28
rlmL	141	147	86	89
uup	114	149	60	76
pqiA	32	25	12	17
pqiB	57	57	40	24
pqiC	26	18	17	11
rmf	0	3	8	7
fabA	413	315	231	219
ycbZ	212	179	154	148
matP	9	14	11	25
ompA	5765	6459	6374	7315
sulA	12	19	9	18
sxy	3	3	5	10
yccS	45	62	29	42
yccF	6	6	4	8
helD	55	50	67	79
mgsA	216	180	334	394
yccT	1	0	2	3
yccU	33	24	34	47
hspQ	7	9	11	11
rlmI	67	60	21	33
yccX	0	1	2	0
tusE	8	6	4	3
yccA	248	187	200	189
serT	0	0	0	0
hyaA	2	0	0	8
hyaB	3	0	1	2
hyaC	0	1	0	0
hyaD	2	1	1	3
hyaE	1	0	0	2
hyaF	1	2	0	3
appC	3	1	4	2
appB	2	3	4	1
appX	0	0	0	0
appA	2	3	5	4
etk	8	8	10	6
etp	0	0	0	0
gfcE	2	0	0	1
gfcD	4	1	6	1
gfcC	0	0	1	0
gfcB	0	0	0	1
gfcA	0	1	1	0
insA-4	1	0	0	0
insB-4	8	7	6	3
cspH	0	0	0	0
cspG	1	2	0	1
ymcF	4	3	0	0
ymcE	0	0	0	0
gnsA	1	0	1	1
yccM	9	16	40	65
torS	11	8	9	15
torT	6	8	8	22
torR	3	3	5	1
torC	0	0	0	0
torA	3	0	4	6
torD	2	1	4	1
cbpM	4	2	8	5
cbpA	56	63	80	98
yccE	0	2	0	2
agp	666	625	1272	1616
yccJ	6	7	10	11
wrbA	138	87	241	325
ymdF	0	0	1	0
rutG	7	1	6	4
rutF	0	0	0	0
rutE	0	0	0	0
rutD	0	0	0	0
rutC	0	0	0	1
rutB	0	0	0	0
rutA	0	0	1	0
rutR	8	10	9	9
putA	171	133	71	64
ymdG	0	0	0	0
putP	53	42	24	21
efeO	26	14	0	3
efeB	15	4	0	1
phoH	10	5	4	0
pgaD	3	4	2	5
pgaC	28	27	28	35
pgaB	63	54	72	65
pgaA	245	127	209	241
dgcT	37	17	34	16
insF-4	0	0	0	0
insE-4	0	0	0	0
ycdU	0	0	0	0
serX	0	0	0	0
ghrA	52	43	62	77
ycdX	50	35	58	47
ycdY	33	30	27	27
ycdZ	20	21	11	17
csgG	3	0	0	3
csgF	0	0	0	0
csgE	0	0	0	0
csgD	1	0	0	0
csgB	0	0	0	0
csgA	0	1	0	1
csgC	0	0	0	0
ymdA	0	0	0	0
ymdB	6	8	5	19
clsC	12	14	12	15
opgC	20	20	10	3
opgG	216	208	204	234
opgH	271	307	216	231
yceK	0	0	0	2
msyB	7	2	5	7
mdtG	10	7	21	6
lpxL	52	37	68	47
yceA	83	79	13	9
yceI	5	5	4	1
yceJ	1	1	1	0
yceO	0	0	0	0
solA	50	50	51	47
bssS	7	4	10	11
dinI	3	3	2	3
pyrC	69	78	32	30
yceB	28	22	32	32
grxB	58	58	93	114
mdtH	7	6	6	10
rimJ	19	26	59	65
yceH	28	21	45	54
yceM	43	30	61	55
murJ	41	38	27	21
flgN	1	0	1	2
flgM	0	0	1	0
flgA	1	1	2	2
flgB	2	1	3	0
flgC	1	0	2	0
flgD	3	1	0	3
flgE	10	6	8	3
flgF	1	7	1	2
flgG	0	3	6	5
flgH	2	1	2	2
flgI	0	2	3	0
flgJ	1	1	1	2
flgK	6	5	5	4
flgL	3	6	4	4
rne	906	867	918	925
yceQ	7	1	2	9
rluC	108	87	69	35
yceF	28	13	25	16
sraB	0	1	0	0
yceD	671	540	328	245
rpmF	18	27	15	17
plsX	191	226	150	140
fabH	261	273	199	203
fabD	307	362	263	289
fabG	562	525	519	540
acpP	128	143	102	157
fabF	877	844	661	573
pabC	7	12	8	10
mltG	12	22	14	10
tmk	22	21	27	15
holB	39	31	26	30
ycfH	35	34	18	22
ptsG	90	72	76	104
fhuE	25	12	3	4
hinT	40	19	23	43
ycfL	15	14	22	20
lpoB	45	43	61	75
thiK	12	8	13	14
nagZ	59	47	53	55
ycfP	95	76	188	214
ndh	267	256	228	214
ycfJ	3	7	5	5
comR	6	10	14	6
bhsA	0	2	0	0
ldtC	10	10	8	7
mfd	140	130	143	134
ycfT	0	0	0	0
lolC	98	81	74	42
lolD	47	40	29	25
lolE	82	61	49	58
nagK	49	64	65	57
cobB	77	54	65	52
ycfZ	2	0	1	1
ymfA	2	0	0	3
potD	141	156	129	134
potC	18	28	8	12
potB	22	22	4	11
potA	123	74	56	39
pepT	166	171	389	413
roxA	158	139	160	175
phoQ	44	38	60	44
phoP	34	45	45	53
purB	107	137	56	64
hflD	31	27	21	24
mnmA	240	157	146	99
nudJ	13	10	8	9
rluE	23	19	18	16
icd	1170	1202	1194	1324
ymfD	7	9	7	4
ymfE	7	9	13	6
lit	13	10	9	8
intE	4	1	3	3
xisE	0	0	0	0
ymfH	0	1	0	0
ymfI	4	2	1	6
ymfJ	1	0	0	0
ymfK	25	11	12	8
ymfT	0	0	0	0
ymfL	1	0	0	0
ymfM	0	0	0	0
ymfN	0	2	2	0
ymfR	0	0	0	0
beeE	0	0	0	0
ymfQ	0	1	0	0
ycfK	0	0	0	0
tfaP	0	0	0	0
tfaE	0	0	0	1
pinE	0	0	0	0
mcrA	1	3	0	1
iraM	0	1	0	0
ymgK	0	0	0	0
ymgL	0	0	0	0
ycgX	2	1	2	0
bluR	40	34	27	35
bluF	48	40	7	9
ycgZ	0	0	0	0
ymgA	0	0	0	0
ariR	0	0	0	0
ymgC	0	0	0	0
pdeG	1	0	1	0
ymgF	0	0	0	1
ymgD	1	0	1	0
ymgG	0	0	1	0
ymgI	0	0	0	0
ymgJ	0	0	0	0
minE	4	3	6	7
minD	265	263	361	362
minC	88	63	99	86
ycgJ	2	2	1	2
pliG	3	2	11	16
ycgL	6	4	10	2
ycgM	20	9	18	21
ycgN	10	4	8	8
hlyE	3	0	5	2
umuD	0	0	0	0
umuC	2	3	5	1
dsbB	52	43	40	32
nhaB	129	123	91	84
fadR	66	75	89	97
ycgB	21	18	44	36
dadA	178	113	49	51
dadX	102	39	31	28
ymgM	0	0	0	0
cvrA	43	43	58	42
ldcA	13	15	16	18
emtA	20	14	3	7
ycgR	0	0	0	1
ymgE	0	0	1	1
ycgY	0	0	0	1
treA	18	10	33	31
dhaM	37	26	66	71
dhaL	5	8	24	22
dhaK	20	19	49	49
dhaR	13	17	8	9
ycgV	11	7	10	8
ychF	170	167	102	86
pth	20	14	16	14
ychH	22	33	43	90
dauA	46	57	31	38
prs	397	378	186	172
ispE	38	45	31	47
lolB	40	29	37	31
hemA	108	79	83	63
prfA	96	73	60	57
prmC	25	28	21	26
ychQ	3	4	3	2
ychA	50	43	41	34
kdsA	154	145	126	134
ldrA	0	0	0	0
rdlA	0	0	0	0
ldrB	0	0	0	0
rdlB	0	0	0	0
ldrC	0	0	0	0
rdlC	0	0	0	0
chaA	45	45	28	12
chaB	0	0	0	0
chaC	1	3	5	5
ychN	57	35	47	66
ychO	1	2	4	1
narL	73	65	99	130
narX	37	37	62	57
narK	259	326	791	811
narG	941	1138	2851	2749
narH	614	671	1445	1395
narJ	190	152	315	316
narI	256	231	391	459
ychS	0	0	0	1
rttR	0	0	0	0
tpr	0	0	0	0
tyrV	0	0	0	0
tyrT	0	0	0	0
purU	61	43	54	40
ychJ	16	11	8	18
rssA	62	57	145	90
rssB	52	37	72	54
galU	186	186	226	238
hns	680	496	478	571
tdk	13	10	6	6
adhE	1165	1197	1944	2078
ychE	5	9	8	7
insH21	0	0	0	0
oppA	1335	979	1142	1019
oppB	208	145	158	163
oppC	266	219	201	226
oppD	355	332	249	224
oppF	333	346	241	262
yciU	10	3	5	6
clsA	68	60	74	82
yciY	1	3	3	5
kch	22	9	21	11
yciI	11	12	18	27
tonB	13	6	7	4
yciA	21	12	5	7
yciB	15	18	14	14
yciC	47	30	41	24
ompW	73	49	134	140
yciE	0	1	1	2
yciF	0	0	1	0
yciG	0	0	0	0
trpA	17	22	23	27
trpB	35	28	33	32
trpC	19	22	18	8
trpD	2	4	2	4
trpE	1	3	0	1
trpL	0	0	0	0
yciV	26	29	21	21
yciO	50	36	51	50
yciQ	12	5	12	9
rluB	146	148	61	56
btuR	7	4	8	9
yciK	12	5	9	15
sohB	55	44	86	91
yciN	15	8	15	17
topA	440	502	249	254
cysB	102	81	78	83
ymiA	0	0	0	0
yciX	1	0	0	0
ymiC	0	0	0	0
acnA	223	179	213	250
ribA	73	60	62	67
pgpB	24	21	16	27
lapA	5	1	14	7
lapB	58	36	73	32
pyrF	37	21	19	11
yciH	4	3	0	2
osmB	0	0	1	0
yciT	29	35	32	29
yciZ	0	1	0	0
pdeR	10	9	14	11
ymiB	0	0	0	0
rnb	206	214	92	88
yciW	3	2	1	1
fabI	352	320	276	312
ycjD	2	2	3	0
sapF	15	12	11	12
sapD	22	19	27	24
sapC	6	6	6	12
sapB	15	9	10	9
sapA	47	37	41	43
ymjA	2	0	0	0
puuP	9	6	3	3
ymjE	0	0	0	0
puuA	18	21	2	11
puuD	6	2	1	1
puuR	2	0	6	2
puuC	4	4	1	1
puuB	0	0	0	0
puuE	0	3	0	1
pspF	2	5	13	21
pspA	16	14	18	15
pspB	0	0	0	0
pspC	1	1	0	1
pspD	1	0	0	0
pspE	44	20	54	57
ycjM	3	1	2	0
ycjN	0	2	1	3
ycjO	0	0	1	0
ycjP	1	2	1	1
ycjQ	2	0	1	1
ycjR	3	1	0	3
ycjS	1	1	1	2
ycjT	1	3	5	5
ycjU	0	2	0	0
ompG	0	1	1	0
ycjW	6	10	2	4
ycjX	10	13	20	18
ycjF	9	5	9	13
tyrR	144	138	229	224
tpx	340	300	349	394
ycjG	37	12	43	44
mpaA	20	19	25	19
ymjC	0	0	0	0
ymjD	0	0	0	0
ycjY	1	0	3	1
pgrR	7	4	10	1
mppA	107	100	92	88
ynaI	5	7	9	3
insH-4	0	0	0	0
ynaJ	19	27	11	16
uspE	424	393	932	1143
fnr	265	228	125	117
ogt	6	6	7	5
abgT	0	2	5	2
abgB	1	0	2	1
abgA	0	0	2	1
abgR	3	10	18	15
mcaS	0	0	0	0
smrA	7	7	3	2
dgcM	14	8	17	16
zntB	19	16	22	22
fnrS	1	2	3	3
ynaL	0	0	0	0
dbpA	26	32	13	5
ttcA	42	52	29	32
intR	0	0	1	3
xisR	0	0	0	0
rcbA	0	0	0	0
ralA	0	0	0	0
ralR	0	0	0	0
recT	3	2	0	1
recE	1	2	3	0
racC	0	0	0	0
ydaE	0	0	0	0
kilR	0	0	0	0
sieB	1	0	1	1
ydaF	0	0	0	0
ydaG	0	0	0	0
racR	24	31	32	28
ydaS	1	0	0	0
ydaT	0	0	0	0
ydaU	1	1	0	0
ydaV	0	1	1	0
ydaW	0	1	0	0
rzoR	0	0	0	0
trkG	14	7	7	5
ynaK	0	0	0	0
ydaY	0	0	0	0
ynaA	2	3	0	1
insH-5	4	4	6	8
stfR	3	2	5	1
tfaR	0	0	0	1
pinR	2.5	1	0	0
ynaE	2	0	0	0
ynaM	0	0	0	0
uspF	112	76	191	214
ompN	0	0	1	0
micC	0	0	0	0
ydbK	471	480	241	252
ydbJ	3	3	8	10
hslJ	6	4	7	4
ldhA	7	6	4	9
ydbH	30	16	28	30
ynbE	0	0	0	0
ydbL	3	1	2	1
feaR	5	9	2	5
feaB	9	8	8	12
tynA	3	3	3	4
paaZ	0	0	3	0
paaA	1	0	1	0
paaB	0	0	0	0
paaC	2	1	0	0
paaD	0	0	0	1
paaE	0	0	0	0
paaF	0	0	0	0
paaG	0	1	0	0
paaH	1	0	4	0
paaI	1	0	0	1
paaJ	12	12	10	14
paaK	13	5	6	4
paaX	16	14	16	22
paaY	15	8	13	7
ynbG	0	0	0	0
insD-2	0	0	0	0
insC-2	0	0	0	0
insI-2	6.5	2.5	5	1
pdxI	29	46	64	70
ydbD	0	2	3	3
ynbA	1	0	0	0
ynbB	0	0	0	0
ynbC	1	3	2	0
ynbD	0	2	4	4
azoR	6	9	8	10
hrpA	188	183	208	177
ydcF	10	7	12	14
aldA	263	165	86	82
cybB	27	21	22	22
rydC	0	0	0	0
ydcA	0	1	0	0
hokB	0	0	0	0
mokB	0	0	0	2
sokB	0	0	0	0
trg	3	3	1	3
ydcI	85	58	9	10
ydcJ	11	10	15	15
opgD	57	64	49	51
ydcH	18	18	26	50
rimL	9	9	23	22
ydcK	2	2	7	2
tehA	15	9	12	13
tehB	19	12	20	8
ydcL	14	21	20	33
insQ	15	16	23	18
ydcO	7	8	4	8
sutR	4	4	4	2
rlhA	56	50	37	32
yncJ	0	0	0	0
hicA	0	0	0	0
hicB	2	0	1	0
ydcR	24	9	11	10
ydcS	18	12	37	40
ydcT	6	4	13	22
ydcU	3	4	7	11
ydcV	2	1	3	1
patD	11	4	11	12
yncL	0	0	0	0
ortT	0	0	0	0
ydcY	5	0	4	9
ydcZ	1	0	1	1
mnaT	9	3	14	9
curA	13	12	26	39
mcbR	4	0	0	2
yncD	52	43	9	5
yncE	76	60	10	9
ansP	8	21	7	5
yncG	1	1	0	1
yncH	0	0	0	0
ydcD	0	0	0	0
yncO	0	0	0	0
ydcC	1	1	0	0
pptA	0	1	0	1
yddH	1	1	1	0
nhoA	3	3	1	1
yddE	16	17	17	23
narV	0	0	1	0
narW	2	1	2	3
narY	1	3	1	3
narZ	6	7	7	15
narU	2	1	1	1
yddK	0	0	0	0
yddL	0	0	0	0
yddG	12	5	15	12
fdnG	144	205	215	218
fdnH	57	55	68	61
fdnI	47	42	42	41
yddM	3	1	0	3
adhP	17	21	15	14
maeA	205	228	207	213
sra	1	0	1	0
bdm	0	0	0	0
osmC	14	15	33	40
ddpF	1	1	1	1
ddpD	2	3	1	1
ddpC	1	0	3	2
ddpB	1	0	0	0
ddpA	4	0	2	1
ddpX	3	0	0	0
dosP	5	1	2	0
dosC	1	0	0	3
yddY	0	0	0	0
yddW	13	11	16	12
gadC	4	1	4	2
gadB	4.5	4.5	5.5	9
pqqL	14	8	3	0
yddB	7	5	2	0
yddA	0	0	0	0
yneP	0	0	0	0
ydeM	15	15	33	20
ydeN	217	228	353	400
ydeO	0	0	0	0
safA	0	0	0	0
ydeP	2	3	5	4
ydeQ	0	0	0	0
ydeR	0	0	0	0
ydeS	0	0	0	0
ydeT	0	0	0	0
hipA	6	4	14	10
hipB	0	1	0	0
lsrK	4	4	7	6
lsrR	4	4	15	7
lsrA	1	1	4	8
lsrC	0	1	2	2
lsrD	4	1	4	2
lsrB	3	1	7	7
lsrF	2	2	3	7
lsrG	0	0	0	0
tam	1	2	7	4
yneE	13	4	2	2
uxaB	9	22	34	37
dgcF	4	4	4	6
yneG	0	0	2	2
glsB	25	19	15	16
sad	1	7	5	9
yneJ	3	4	3	10
yneK	0	0	0	1
ydeA	11	6	7	7
marC	13	9	21	14
marR	13	7	3	4
marA	4	1	0	1
marB	0	0	0	0
eamA	12	5	12	3
ydeE	6	9	6	7
mgtS	0	0	0	0
mgrR	0	0	0	0
dgcZ	13	5	7	9
ydeI	0	0	0	0
ydeJ	0	0	0	0
dcp	49	55	64	59
ydfG	133	152	233	238
ydfH	44	39	61	42
ydfZ	1	0	2	0
ydfI	0	0	1	1
ydfJ	0	0	0	2
ynfT	0	0	0	0
ydfK	1	0	0	0
pinQ	1.5	3	1	2
tfaQ	0	0	0	0
ydfN	0	1	0	2
nohA	0	0	0	0
ynfO	0	0	0	0
ydfO	0	1	1	0
gnsB	0	0	2	0
ynfN	0	0	0	0
ynfR	0	0	0	0
ynfQ	0	0	0	0
cspI	0	0	0	0
rzpQ	0	0	0	0
rzoQ	0	0	0	0
rrrQ	1	0	0	0
ydfR	0	0	0	0
essQ	0	0	0	0
cspB	2	4	2	0
cspF	1	1	0	1
ynfS	0	0	0	0
ydfT	0	0	0	1
ydfU	0	1	1	0
rem	0	0	0	0
hokD	0	0	0	1
relE	1	1	3	2
relB	0	0	1	0
ydfV	0	0	0	0
flxA	1	0	0	0
ydfW	0	0	0	0
ydfX	0	0	0	0
dicC	0	0	0	0
dicA	34	20	29	26
ydfA	0	0	0	0
ydfB	0	0	0	0
ydfC	0	0	0	0
dicF	0	0	0	0
dicB	0	0	0	0
ydfD	0	0	0	0
ynfP	0	0	0	0
rspB	1	0	1	0
rspA	2	1	4	0
ynfA	1	2	0	2
ynfB	5	3	6	7
speG	23	23	30	25
ynfC	8	12	9	7
ynfD	6	3	6	11
ynfE	36	26	80	99
ynfF	69	40	72	99
ynfG	13	2	10	17
ynfH	24	17	27	31
dmsD	11	11	10	11
clcB	9	1	8	6
ynfK	18	26	99	94
mlc	10	24	30	35
ynfL	2	0	4	3
ynfM	13	7	7	14
asr	0	0	0	0
ydgU	0	0	0	0
ydgD	8	15	20	26
mdtI	1	0	2	0
mdtJ	3	0	3	1
tqsA	2	6	12	16
pntB	119	94	152	192
pntA	165	159	197	221
ydgH	56	48	70	62
ydgI	31	19	7	15
folM	16	12	11	5
ydgC	3	2	4	2
rstA	14	10	16	14
rstB	15	6	15	7
tus	13	11	6	6
fumC	99	62	47	41
fumA	358	323	284	315
manA	153	167	231	273
ydgA	243	208	265	330
uidC	0	0	1	0
uidB	1	0	1	0
uidA	6	0	3	6
uidR	42	54	64	63
hdhA	17	12	31	31
malI	6	6	11	13
malX	22	28	28	24
malY	28	32	34	40
add	102	87	131	144
ydgJ	69	43	48	53
blr	0	0	0	0
cnu	0	0	0	0
ydgK	13	2	8	7
rsxA	21	15	8	1
rsxB	21	14	9	5
rsxC	49	62	26	24
rsxD	16	15	5	8
rsxG	9	6	3	5
rsxE	9	13	5	3
nth	15	20	6	11
dtpA	265	199	129	130
gstA	41	47	69	97
pdxY	54	42	37	43
tyrS	176	193	154	138
pdxH	18	33	27	34
mliC	1	0	1	1
anmK	18	22	30	34
slyB	148	131	195	248
slyA	44	29	35	40
ydhI	0	0	0	0
ydhJ	10	2	9	2
ydhK	8	5	5	8
sodC	12	4	16	14
ydhF	110	105	261	285
ydhL	1	0	2	0
nemR	4	5	3	5
nemA	31	30	18	23
gloA	23	24	39	33
rnt	33	26	15	9
lhr	28	33	36	43
grxD	56	36	36	37
mepH	27	19	42	21
sodB	223	252	433	413
ydhP	12	10	12	11
ynhF	0	0	0	0
purR	99	104	55	55
ydhB	7	3	6	8
ydhC	22	14	29	29
cfa	70	66	85	87
ribC	79	51	67	49
mdtK	65	38	42	35
ydhQ	71	85	113	101
valV	0	0	0	0
valW	0	0	0	0
ydhR	11	7	17	23
ydhS	7	9	13	8
ydhT	2	7	2	7
ydhU	8	2	9	7
ydhX	5	4	9	6
ydhW	12	7	9	22
ydhV	113	74	187	187
ydhY	19	19	58	58
fumD	4	0	3	0
pykF	541	552	586	575
lpp	1592	1543	1848	2846
ldtE	45	44	61	88
sufE	4	0	1	1
sufS	29	25	22	19
sufD	42	27	12	18
sufC	19	12	6	10
sufB	55	30	20	25
sufA	3	4	1	1
rydB	0	0	0	0
ydiH	0	0	1	2
menI	3	3	3	4
ydiJ	65	67	63	78
ydiK	28	25	39	35
rprA	0	0	0	0
ydiL	0	0	1	2
ydiM	1	0	1	1
ydiN	0	0	3	0
ydiB	0	0	1	0
aroD	11	13	7	16
ydiF	1	0	0	0
ydiO	0	0	0	0
ydiP	1	3	7	2
ydiQ	0	0	0	0
ydiR	0	0	1	1
ydiS	1	0	3	0
ydiT	0	0	0	0
fadK	3	1	0	1
ppsA	745	703	522	602
ppsR	31	30	40	48
aroH	43	32	26	27
ydiE	0	1	0	0
ydiU	74	66	52	54
ydiV	23	17	24	11
nlpC	11	9	16	18
btuD	18	14	16	26
btuE	24	12	31	18
btuC	27	18	16	20
ihfA	85	58	73	80
pheT	617	685	356	367
pheS	159	174	79	73
pheM	0	0	0	0
rplT	419	360	251	282
rpmI	6	8	7	4
infC	816	735	661	624
thrS	1603	1693	2031	2080
yniD	0	0	0	0
ydiY	7	8	7	5
pfkB	68	66	100	127
ydiZ	0	0	2	2
yniA	78	97	162	223
yniB	28	13	24	26
hxpB	36	35	35	33
ydjM	4	0	2	0
tcyP	36	23	23	37
ydjO	0	0	0	0
cedA	1	0	1	2
katE	14	11	7	9
chbG	5	5	15	16
chbF	9	10	10	11
chbR	7	14	16	16
chbA	1	3	4	2
chbC	14	17	33	32
chbB	1	2	9	6
osmE	33	7	38	63
nadE	64	68	89	101
cho	16	11	4	6
ves	0	0	2	1
spy	6	2	3	4
astE	2	0	0	2
astB	3	0	3	1
astD	5	1	2	0
astA	4	1	0	1
astC	10	10	4	2
xthA	31	37	31	18
ydjX	1	0	0	3
ydjY	0	2	2	1
ydjZ	0	2	2	1
ynjA	0	2	7	1
ynjB	7	8	9	5
ynjC	2	3	1	4
ynjD	1	2	0	0
ynjE	6	8	25	21
ynjF	2	4	4	8
nudG	4	2	1	1
ynjH	1	0	0	0
gdhA	50	42	49	48
ynjI	5	3	4	0
topB	221	198	263	269
selD	198	224	347	380
ydjA	67	59	92	110
sppA	101	95	105	86
ansA	48	45	34	23
pncA	20	24	13	16
ydjE	5	1	2	0
ydjF	10	4	15	6
ydjG	2	1	2	5
ydjH	1	0	1	3
ydjI	2	3	1	1
ydjJ	0	3	0	0
ydjK	5	0	2	2
ydjL	2	3	2	5
yeaC	6	6	10	12
msrB	19	15	21	27
gapA	3768	3927	5524	6103
yeaD	62	44	91	99
yeaE	35	33	56	57
mipA	124	153	94	76
yeaG	72	43	117	98
yeaH	18	12	46	33
cdgI	2	3	8	0
dgcJ	9	12	10	9
yeaK	16	11	23	13
yoaI	0	0	0	0
yeaL	3	2	2	3
nimR	1	2	2	3
nimT	4	8	0	6
yeaO	2	6	5	7
yoaF	4	0	1	0
dgcP	35	34	39	29
yoaK	0	0	0	0
yoaJ	0	0	0	0
yeaQ	0	2	7	3
yoaG	0	0	0	0
yeaR	1	1	0	0
leuE	6	10	10	11
dmlR	16	24	48	44
dmlA	8	6	24	36
yeaV	1	1	1	1
yeaW	3	0	4	2
yeaX	1	0	2	2
rnd	51	34	42	31
fadD	85	51	30	20
yeaY	41	23	15	23
tsaB	49	33	33	29
yoaA	60	45	26	36
yoaB	6	10	7	14
yoaC	2	2	4	0
yoaH	1	2	2	0
pabB	13	16	8	9
nudL	10	6	5	6
sdaA	241	236	210	192
pdeD	2	4	3	1
yoaE	77	59	82	75
yoaL	1	0	0	0
manX	251	228	372	491
manY	169	148	246	339
manZ	201	204	374	368
yobD	3	1	3	4
mntP	6	2	7	4
rlmA	41	30	24	27
cspC	44	44	34	47
yobF	7	10	9	6
yebO	9	7	8	6
mgrB	1	1	1	0
yobH	1	1	0	0
kdgR	43	37	57	50
yebQ	11	10	7	5
htpX	164	96	101	125
prc	360	344	214	228
proQ	218	196	125	99
msrC	38	35	29	31
yebS	17	15	22	14
yebT	64	52	63	57
rsmF	39	34	25	21
yebV	1	0	0	1
yebW	0	0	0	0
pphA	2	0	3	1
ryeA	14	35	56	77
sdsR	0	0	0	0
yebY	8	4	9	9
yebZ	66	49	45	56
yobA	14	17	16	18
holE	0	0	1	2
yobB	7	5	2	10
exoX	14	10	20	14
ptrB	29	21	35	30
yebE	13	20	34	42
yebF	11	23	10	11
yebG	10	8	19	15
purT	13	16	5	6
eda	76	68	97	105
edd	31	32	65	66
zwf	206	196	198	246
yebK	22	23	45	31
pykA	387	407	665	671
lpxM	60	55	56	46
mepM	139	100	84	96
znuA	65	50	74	73
znuC	30	27	39	20
znuB	17	21	36	29
ruvB	50	34	47	52
ruvA	33	26	22	20
yobI	0	0	0	0
yebB	2	0	1	0
ruvC	40	56	48	35
yebC	145	141	98	102
nudB	27	9	9	12
aspS	376	428	377	347
yecD	20	21	25	22
yecE	6	5	4	3
yecN	2	4	12	8
cmoA	17	11	10	6
cmoB	28	35	23	20
torZ	9	6	9	10
torY	0	1	0	0
micL	0	0	0	0
cutC	20	17	21	20
yecM	12	11	11	10
argS	182	168	98	91
yecT	0	0	1	0
flhE	0	0	0	0
flhA	2	3	7	8
flhB	0	0	0	1
cheZ	0	0	1	0
cheY	0	0	3	0
cheB	0	0	0	0
cheR	2	0	0	1
tap	0	0	3	4
tar	2	2	2	4
cheW	1	0	1	2
cheA	2	1	3	0
motB	1	0	1	1
motA	0	0	2	3
flhC	6	4	6	2
flhD	1	1	3	4
insB-5	0	0	0	0
insA-5	0	0	0	0
uspC	7	10	17	29
otsA	22	17	28	23
otsB	12	7	11	17
araH	5	2	8	15
araG	9	8	18	11
araF	4	8	19	17
ftnB	77	86	153	231
yecJ	4	1	2	0
azuC	0	0	0	0
yecR	1	0	0	0
ftnA	178	152	146	155
yecH	0	3	4	6
tyrP	16	22	15	11
yecA	71	89	112	157
leuZ	0	0	0	0
cysT	0	0	0	0
glyW	0	0	0	0
pgsA	28	32	38	39
uvrC	194	144	187	178
uvrY	101	92	140	101
yecU	0	0	0	1
yecF	6	3	3	0
sdiA	4	6	4	2
sdsN	0	0	0	0
tcyN	19	14	25	29
tcyL	18	7	17	14
dcyD	24	21	33	31
tcyJ	17	14	28	50
fliZ	2	2	2	1
fliA	2	1	0	0
fliC	23	20	26	22
fliD	2	2	3	4
fliS	0	0	0	1
fliT	0	0	0	0
amyA	29	24	29	24
yedD	56	61	62	52
yedE	13	15	17	14
yedF	0	1	0	1
yedK	1	0	2	2
yedL	0	0	0	1
fliE	0	0	0	0
fliF	5	2	0	3
fliG	0	1	4	2
fliH	2	0	1	1
fliI	1	2	2	1
fliJ	0	0	0	1
fliK	0	0	1	0
fliL	1	0	0	2
fliM	3	5	4	2
fliN	0	1	0	0
fliO	0	0	0	0
fliP	0	0	0	0
fliQ	0	0	0	0
fliR	1	1	0	0
rcsA	1	1	0	0
dsrB	0	2	0	1
yodD	0	0	0	1
dsrA	0	0	0	0
yedP	4	3	6	12
dgcQ	17	10	17	18
yodC	0	0	0	0
yedI	11	19	10	13
yedA	1	2	0	1
vsr	2	0	1	1
dcm	65	60	53	36
yedJ	10	12	10	6
yedR	0	0	0	0
rseX	0	0	0	0
hchA	13	5	10	14
hprS	13	3	8	10
hprR	9	2	11	8
yedX	5	0	1	1
msrP	4	4	7	11
msrQ	0	1	1	1
zinT	2	1	3	4
yodB	0	0	1	0
serU	0	0	0	0
mtfA	41	72	118	125
asnT	0	0	0	0
yeeJ	18	25	30	29
shiA	23	14	20	18
amn	87	81	132	149
yeeN	112	127	102	95
asnW	0	0	0	0
yeeO	4	0	5	4
asnU	0	0	0	0
cbl	3	2	1	1
nac	3	1	2	1
asnV	0	0	0	0
ldtA	15	10	30	19
cobT	5	5	4	4
cobS	1	1	0	3
cobU	0	0	4	4
insH-6	6	1	3	2
insD-3	0	0	0	0
insC-3	0	0	0	0
isrC	0	0	0	1
flu	127	132	220	249
yeeR	7	4	8	9
yeeS	1	0	1	0
yeeT	0	0	0	0
cbeA	0	1	1	2
cbtA	0	1	0	1
yeeW	0	0	0	0
yoeF	0	1	0	0
yeeX	39	38	57	59
yeeA	16	10	16	20
sbmC	11	10	41	28
dacD	13	9	4	4
sbcB	79	80	97	76
yeeD	1	0	0	0
yeeE	1	4	6	1
plaP	198	226	71	50
yoeI	0	0	0	0
yeeY	8	3	3	5
yeeZ	67	70	117	137
yoeB	0	0	0	0
yefM	0	1	2	0
hisL	0	0	0	0
hisG	10	16	15	19
hisD	28	25	36	50
hisC	18	11	29	25
hisB	29	25	26	38
hisH	8	4	13	7
hisA	20	20	16	24
hisF	9	19	15	16
hisI	18	15	22	25
wzzB	272	225	164	125
ugd	21	18	12	9
gnd	692	689	633	691
insH-7	0	0	0	0
wbbK	96	126	95	44
wbbJ	34	44	25	21
wbbI	104	107	46	43
wbbH	42	45	24	25
glf	99	100	65	46
rfbX	64	80	32	20
rfbC	32	25	11	8
rfbA	116	128	67	60
rfbD	118	91	55	48
rfbB	203	191	80	85
galF	474	356	363	284
wcaM	4	1	5	3
wcaL	4	3	7	3
wcaK	1	0	2	3
wzxC	2	2	0	1
wcaJ	0	1	1	0
cpsG	2	2	0	1
cpsB	0	0	0	2
wcaI	0	0	1	0
gmm	0	0	0	0
fcl	2	0	0	0
gmd	0	1	0	1
wcaF	0	0	0	0
wcaE	0	0	0	0
wcaD	0	0	0	1
wcaC	0	0	1	1
wcaB	0	1	3	0
wcaA	0	0	0	0
wzc	1	0	2	0
wzb	0	0	1	0
wza	0	0	1	0
yegH	38	39	39	37
asmA	83	63	99	94
dcd	58	67	86	106
udk	21	28	12	15
dgcE	39	20	24	24
alkA	7	7	13	17
yegD	23	36	16	17
yegI	2	2	7	5
yegJ	1	0	1	0
pphC	1	0	1	0
yegL	0	0	0	0
sibA	0	1	0	1
ibsA	0	0	0	0
sibB	0	0	0	0
ibsB	0	0	0	0
mdtA	10	6	10	10
mdtB	8	11	9	10
mdtC	15	6	11	6
mdtD	5	3	2	0
baeS	3	3	4	3
baeR	9	13	13	13
yegP	0	0	0	3
yegQ	94	85	40	23
cyaR	0	0	0	0
ogrK	0	0	1	0
yegR	0	0	0	0
yegS	4	5	6	6
insE-5	0	0	0	0
insF-5	0	0	0	0
gatD	1155	944	1676	1885
gatB	161	134	284	289
gatA	477	374	636	751
gatZ	4649	4246	7891	8584
gatY	1718	1760	3235	3890
fbaB	31	27	53	62
yegT	6	2	1	7
yegU	7	5	7	3
yegV	7	1	6	3
yegW	17	10	10	10
yegX	0	3	3	4
thiD	5	3	0	1
thiM	1	1	0	3
rcnR	2	1	1	0
rcnA	5	0	1	0
rcnB	6	4	8	2
yehA	0	1	2	0
yehB	6	1	6	5
yehC	0	3	2	2
yehD	5	7	12	21
yehE	0	1	0	0
mrp	133	134	187	191
metG	251	256	179	157
yehF	0	0	1	0
yehI	3	4	5	9
yehK	0	0	0	0
yehL	0	0	0	0
yehM	0	0	2	1
yehP	0	0	1	1
yehQ	3	3	1	2
yehR	1	0	1	0
yehS	55	44	29	29
btsR	27	34	23	24
btsS	29	38	51	41
mlrA	1	4	4	4
yohO	0	0	0	0
yehW	4	0	1	5
yehX	4	2	5	6
yehY	4	3	8	13
osmF	12	9	14	7
bglX	113	102	105	118
dld	271	304	411	485
pbpG	20	22	21	16
yohC	0	1	2	0
yohD	8	11	16	13
yohF	0	0	4	3
yohP	0	0	0	0
dusC	16	8	14	4
yohJ	15	4	10	1
yohK	5	7	8	12
cdd	29	24	56	63
sanA	6	0	9	5
yeiS	0	0	0	0
preT	126	124	230	282
preA	119	88	181	229
mglC	17	4	3	2
mglA	27	11	1	2
mglB	45	34	24	14
galS	11	8	11	13
yeiB	27	15	10	11
folE	69	65	65	64
yeiG	49	37	81	84
cirA	244	205	4	7
lysP	105	85	49	45
yeiE	48	40	60	61
yeiH	14	11	10	7
nfo	34	45	19	18
yeiI	48	33	21	13
nupX	1	0	2	1
rihB	0	1	2	1
yeiL	1	1	3	1
psuT	5	4	4	1
psuG	2	1	4	2
psuK	1	0	0	1
fruA	31	42	83	87
fruK	11	11	33	34
fruB	22	11	48	26
setB	5	3	11	10
yeiW	1	1	0	0
yeiP	40	41	20	32
yeiQ	10	18	10	10
yeiR	13	14	14	9
lpxT	15	19	12	6
mepS	201	195	208	166
pdeN	21	13	21	23
yejA	24	22	45	29
yejB	9	9	11	9
yejE	10	9	14	18
yejF	45	35	46	41
yejG	10	11	12	25
bcr	48	55	43	33
rsuA	33	32	41	23
radD	26	12	33	30
rplY	105	80	59	56
yejK	62	50	50	49
yejL	3	4	0	2
yejM	146	107	92	57
proL	0	0	0	0
insH-8	0	0	0	0
narP	12	7	14	5
ccmH	44	42	39	63
ccmG	10	12	16	18
ccmF	89	93	88	105
ccmE	32	14	26	30
ccmD	0	1	0	0
ccmC	48	28	66	48
ccmB	17	17	18	27
ccmA	70	56	98	106
napC	57	59	81	98
napB	22	14	46	62
napH	77	69	151	114
napG	57	48	103	93
napA	547	589	1243	1215
napD	1	1	4	6
napF	15	28	77	52
yojO	0	0	0	0
eco	35	38	40	53
mqo	72	82	13	13
yojI	19	17	5	2
alkB	1	1	3	0
ada	11	6	8	12
ftp	8	14	12	5
ompC	10031	10080	12273	13455
micF	0	0	0	0
rcsD	158	102	123	125
rcsB	112	92	111	99
rcsC	68	65	81	56
atoS	20	23	44	53
atoC	51	48	81	74
atoD	1	0	0	0
atoA	0	0	1	0
atoE	0	0	2	0
atoB	0	2	0	1
yfaP	0	0	0	1
yfaQ	4	1	2	4
yfaT	0	1	1	0
yfaA	4	9	6	10
gyrA	732	767	532	501
ubiG	54	52	47	42
yfaL	11	9	15	12
ypaB	0	0	0	0
nrdA	465	477	283	258
nrdB	151	158	75	97
yfaE	3	4	1	1
inaA	25	17	28	25
glpQ	2275	2127	3622	3675
glpT	2665	2790	5378	5802
glpA	983	1232	2866	3171
glpB	739	645	1495	1657
glpC	705	602	1384	1370
rpnE	4	4	8	7
yfaU	3	2	0	1
yfaV	0	2	2	2
rhmD	6	10	8	13
yfaX	0	0	3	2
yfaY	63	70	81	91
yfaZ	4	3	1	4
nudI	18	21	15	17
ais	2	0	0	0
arnB	6	5	4	2
arnC	1	1	0	0
arnA	10	7	14	10
arnD	1	2	0	2
arnT	0	2	2	3
arnE	0	0	0	0
arnF	0	0	2	2
pmrD	1	5	7	9
menE	40	65	54	51
menC	87	126	116	121
menB	82	99	96	105
menH	2	3	2	4
menD	55	53	92	112
menF	51	42	38	36
elaB	5	5	13	12
elaA	6	6	11	15
rbn	32	23	11	17
elaD	0	1	2	1
yfbK	1	0	0	0
yfbL	0	0	1	0
yfbM	2	0	6	0
yfbN	0	1	0	0
yfbO	0	0	1	0
yfbP	4	6	1	3
nuoN	503	562	645	742
nuoM	341	371	506	561
nuoL	236	241	338	318
nuoK	1	0	2	2
nuoJ	27	20	40	37
nuoI	22	20	33	30
nuoH	103	103	148	169
nuoG	845	777	1045	1107
nuoF	389	325	421	417
nuoE	95	67	97	113
nuoC	725	683	752	805
nuoB	235	212	256	247
nuoA	70	45	57	72
lrhA	100	91	141	145
alaA	64	84	51	69
yfbR	16	14	11	13
yfbS	89	131	352	393
hxpA	107	79	155	210
yfbU	59	35	82	101
yfbV	16	8	13	14
ackA	488	489	604	610
pta	821	891	865	928
yfcC	21	23	33	23
yfcD	24	16	18	18
yfcE	27	26	23	25
yfcF	11	10	8	6
yfcG	3	2	5	5
folX	4	6	5	6
yfcH	39	43	65	84
rpnB	1	1	2	0
hisP	6	4	1	6
hisM	5	5	3	0
hisQ	9	3	4	2
hisJ	51	58	45	51
argT	13	6	3	8
ubiX	15	13	13	7
purF	61	56	18	31
cvpA	25	17	7	5
dedD	50	26	43	49
folC	50	69	42	36
accD	473	457	338	282
dedA	6	9	14	8
truA	16	14	11	6
usg	52	31	38	32
pdxB	114	93	100	82
flk	27	23	22	17
yfcJ	2	6	3	3
fabB	592	506	957	983
mnmC	33	31	33	41
yfcL	5	1	2	1
epmC	9	14	13	11
yfcA	17	14	18	11
mepA	15	15	12	10
aroC	65	44	43	54
prmB	82	88	69	65
smrB	41	39	53	60
yfcO	12	9	12	16
yfcP	0	0	0	0
yfcQ	0	0	0	0
yfcR	0	0	0	0
yfcS	0	0	1	0
yfcV	0	0	1	0
sixA	35	15	19	10
fadJ	69	55	62	58
fadI	36	32	39	36
yfcZ	18	12	37	54
fadL	265	239	142	123
yfdF	1	4	1	0
mlaA	110	88	81	108
yfdC	2	2	4	6
argW	0	0	0	0
intS	9	8	5	5
yfdG	16	9	5	5
yfdH	72	72	54	26
yfdI	122	101	36	29
yfdK	0	1	0	0
yfdM	0	0	0	0
yfdN	0	1	0	0
yfdO	0	0	0	0
yfdP	0	0	0	0
yfdQ	1	1	1	1
yfdR	0	0	0	0
yfdS	0	0	0	0
yfdT	2	0	0	0
ypdJ	0	0	0	0
torI	0	0	0	0
dsdC	0	4	2	3
dsdX	1	0	5	1
dsdA	10	6	16	24
emrY	0	0	1	0
emrK	1	0	1	1
evgA	48	42	73	71
evgS	132	93	115	106
yfdE	0	1	1	0
yfdV	0	0	0	0
oxc	1	0	1	0
frc	2	0	0	1
yfdX	0	0	0	0
ypdI	0	0	0	0
yfdY	0	1	1	0
lpxP	40	23	35	25
ypdK	0	0	0	0
alaC	30	23	34	32
ypdA	36	22	35	35
ypdB	15	16	11	21
ypdC	9	6	13	10
fryA	5	6	5	6
ypdE	1	1	1	0
ypdF	0	0	0	1
fryC	0	1	1	1
fryB	0	0	0	0
glk	72	102	203	188
yfeO	5	6	10	9
ypeC	0	1	1	0
mntH	11	5	3	4
nupC	62	71	42	39
insL-3	0	0	0	0
pdeA	37	23	26	18
alaX	0	0	0	0
alaW	0	0	0	0
yfeC	4	11	24	13
yfeD	32	26	57	84
gltX	333	359	187	204
valU	0	0	0	0
valX	0	0	0	0
valY	0	0	0	0
lysV	0	0	0	0
xapR	3	1	3	3
xapB	1	2	4	4
xapA	0	0	0	0
yfeN	1	0	0	0
yfeR	1	1	3	8
yfeH	15	25	27	40
ypeB	1	1	0	1
ligA	125	149	79	75
zipA	150	137	205	161
cysZ	31	18	14	17
cysK	145	117	202	229
ptsH	14	13	12	17
ptsI	558	554	752	775
crr	262	247	337	413
pdxK	44	41	65	67
yfeK	1	0	1	2
yfeS	10	5	4	10
cysM	5	20	14	13
cysA	2	6	3	4
cysW	1	0	2	2
cysU	1	3	1	1
cysP	4	2	4	7
ucpA	646	661	1273	1526
murR	1	5	3	6
murQ	22	26	50	36
murP	19	21	32	39
yfeW	17	13	27	22
yfeX	377	399	741	866
yfeY	30	11	17	9
yfeZ	3	1	3	1
ypeA	4	1	7	4
amiA	36	31	23	27
hemF	30	19	30	23
eutR	3	3	8	5
eutK	5	1	4	3
eutL	6	4	9	15
eutC	12	10	26	24
eutB	64	47	83	77
intZ	21	25	29	15
yffL	1	1	1	4
yffM	0	0	0	0
yffN	0	0	0	0
yffO	0	0	0	0
yffP	1	1	0	0
yffQ	1	0	0	1
yffR	1	0	1	2
yffS	19	20	37	45
eutA	1	0	1	0
eutH	1	2	1	3
eutG	0	0	0	0
eutJ	0	0	0	1
eutE	4	2	1	0
eutN	0	0	0	0
eutM	1	0	1	0
eutD	1	0	2	1
eutT	1	1	1	4
eutQ	1	1	1	4
eutP	1	0	0	0
eutS	0	0	0	0
maeB	149	155	187	224
talA	23	23	32	21
tktB	50	52	53	85
ypfG	9	2	4	2
nudK	20	17	21	18
aegA	27	22	60	54
narQ	20	18	25	13
acrD	21	13	16	10
ypfM	0	0	0	0
yffB	3	4	3	6
dapE	60	49	76	94
ypfN	1	0	2	1
ypfH	16	22	31	30
tmcA	45	34	65	39
ypfJ	18	25	23	28
purC	33	44	21	28
bamC	342	312	367	364
dapA	304	248	409	368
gcvR	37	29	53	75
bcp	53	56	53	54
hyfA	1	0	0	0
hyfB	0	1	0	1
hyfC	0	0	0	2
hyfD	0	2	3	1
hyfE	0	0	0	1
hyfF	0	2	1	2
hyfG	10	4	11	10
hyfH	0	0	1	0
hyfI	0	0	3	4
hyfJ	0	0	1	0
hyfR	5	3	7	5
focB	3	1	4	1
yfgO	27	23	32	32
bepA	42	38	46	41
yfgD	20	25	22	31
hda	25	27	40	34
uraA	33	50	24	24
upp	151	151	122	110
purM	63	65	28	24
purN	19	23	16	13
ppk	144	107	165	163
ppx	109	69	96	95
pdeF	4	5	5	9
yfgG	0	1	0	1
yfgH	1	0	1	0
yfgI	1	1	1	0
guaA	518	657	354	351
guaB	235	265	154	143
xseA	123	70	97	61
yfgJ	1	0	0	0
der	151	190	102	108
bamB	293	295	258	300
yfgM	77	72	64	61
hisS	273	249	257	235
ispG	275	252	273	300
rodZ	193	175	190	190
rlmN	183	175	81	71
ndk	44	40	8	12
pbpC	23	26	42	43
yfhM	312	272	551	504
sseA	268	263	475	537
ryfA	13	7	8	3
sseB	123	107	53	57
pepB	277	346	263	282
iscX	2	4	3	4
fdx	11	8	4	7
hscA	529	579	153	137
hscB	56	56	14	5
iscA	33	48	12	16
iscU	63	64	19	33
iscS	819	877	188	183
iscR	142	113	20	14
trmJ	117	131	154	177
suhB	251	287	95	64
yfhR	3	3	0	3
csiE	65	74	130	163
hcaT	21	23	19	15
hcaR	6	18	8	5
iroK	0	0	0	0
hcaE	6	4	4	4
hcaF	1	0	2	0
hcaC	0	0	0	0
hcaB	1	2	1	0
hcaD	1	0	6	6
yphA	5	6	8	10
yphB	4	4	3	3
yphC	1	1	4	4
yphD	1	0	1	1
yphE	0	1	3	4
yphF	0	1	0	1
yphG	1	4	2	3
yphH	4	8	12	11
glyA	697	685	648	737
hmp	53	39	66	80
glnB	19	6	12	11
glrR	26	23	15	15
qseG	23	7	13	13
glrK	15	5	19	16
glmY	12	6	6	12
purL	161	180	83	104
mltF	14	9	6	11
tadA	19	8	13	12
pgpC	12	14	24	21
yfhH	4	8	4	8
yfhL	2	0	0	0
shoB	0	0	0	0
ohsC	0	0	0	0
acpS	5	7	9	7
pdxJ	61	55	89	83
recO	16	17	5	14
era	134	113	64	75
rnc	112	89	56	44
lepB	114	130	71	75
lepA	312	305	213	185
rseC	41	12	20	19
rseB	124	83	92	80
rseA	229	105	185	222
rpoE	132	68	145	117
rseD	0	0	0	0
nadB	5	6	7	6
yfiC	11	9	4	4
srmB	139	121	78	67
yfiE	7	10	10	7
eamB	4	1	3	3
grcA	1224	853	1675	2736
ung	33	45	58	79
yfiF	200	193	190	162
trxC	7	2	2	3
yfiP	15	12	8	12
patZ	434	419	794	767
pssA	340	234	336	269
yfiM	1	1	5	1
kgtP	519	495	272	212
rrfG	0	0	0	0
rrlG	28	6.5	6	5
gltW	0	0	0	0
rrsG	41.5	10.5	9	4.5
clpB	189	150	262	251
ryfD	11	23	10	23
pgeF	30	33	16	26
rluD	70	72	48	41
bamD	178	136	143	138
raiA	393	351	898	1318
pheL	0	0	0	0
pheA	43	52	38	28
tyrA	22	28	16	20
aroF	29	13	17	17
yfiL	0	1	1	1
yfiR	13	10	10	6
dgcN	19	20	19	10
yfiB	16	9	16	19
rplS	134	141	78	103
trmD	962	1072	678	691
rimM	620	706	423	443
rpsP	23	32	15	10
ffh	272	287	365	305
ypjD	25	11	24	17
yfjD	32	35	27	22
grpE	145	126	141	155
nadK	25	22	35	32
recN	26	21	32	18
bamE	27	13	20	26
yfjF	6	3	3	4
ratA	39	25	50	33
smpB	31	33	39	47
ssrA	26809	22204	33515	37905
intA	55	39	71	69
yfjH	10	6	4	0
alpA	0	0	0	0
yfjI	1	0	0	1
yfjJ	0	1	0	0
abpB	51	23	36	46
abpA	43	38	82	57
yfjM	1	0	0	0
rnlA	91	67	113	98
rnlB	5	1	3	3
yfjP	1	4	2	0
yfjQ	0	0	1	1
yfjR	2	0	0	0
ypjK	0	0	0	0
yfjS	0	0	0	0
yfjT	1	0	0	1
yfjU	0	0	0	0
yfjW	13	12	11	8
yfjX	0	0	0	1
yfjY	0	0	0	0
ypjJ	0	0	0	0
yfjZ	0	0	0	0
ypjF	0	0	0	0
ypjA	1	5	8	11
ypjB	0	0	0	0
ypjC	0	0	0	0
ileY	0	0	0	0
csiD	0	3	4	7
lhgO	6	5	4	3
gabD	14	11	16	22
gabT	21	10	13	27
gabP	1	1	5	0
csiR	5	5	4	4
kbp	21	22	25	39
yqaE	0	0	0	0
ygaV	0	1	0	1
ygaP	7	5	10	5
stpA	3	3	6	0
alaE	3	1	5	2
ygaC	1	1	0	3
ygaM	13	3	18	15
nrdH	0	0	0	0
nrdI	8	1	0	0
nrdE	72	43	3	4
nrdF	18	10	1	1
proV	227	180	92	92
proW	162	127	54	70
proX	282	288	220	224
ygaZ	45	44	62	49
ygaH	2	1	5	11
mprA	41	38	31	26
emrA	25	27	19	11
emrB	20	18	13	14
luxS	56	51	59	89
micA	0	0	0	0
gshA	210	198	200	179
yqaA	8	2	9	9
yqaB	31	25	39	36
argQ	0	0	0	0
argZ	0	0	0	0
argY	0	0	0	0
argV	0	0	0	0
serV	0	0	0	0
csrA	13	11	4	7
alaS	592	587	377	398
recX	1	3	1	0
recA	381	364	372	432
pncC	18	10	9	13
mltB	15	10	11	10
srlA	10	14	42	39
srlE	42	45	132	129
srlB	13	7	12	22
srlD	306	238	451	556
gutM	4	0	3	3
srlR	15	13	36	47
gutQ	48	36	85	80
norR	2	1	3	2
norV	2	2	3	3
norW	2	1	2	0
hypF	9	12	31	36
hydN	1	0	1	0
ascG	7	3	6	5
ascF	2	3	7	8
ascB	3	3	5	2
hycI	1	6	11	10
hycH	3	0	1	3
hycG	1	1	3	0
hycF	0	0	0	0
hycE	3	0	3	1
hycD	1	0	0	2
hycC	1	0	2	2
hycB	0	0	0	0
hycA	0	0	0	1
hypA	1	3	5	4
hypB	226	261	577	735
hypC	2	7	12	22
hypD	357	284	652	702
hypE	236	195	425	469
fhlA	118	104	147	127
ygbA	6	1	5	2
mutS	110	137	67	89
pphB	0	0	0	0
ygbI	8	14	17	18
ygbJ	2	1	1	0
ygbK	3	5	4	6
ygbL	1	2	2	3
ygbM	0	1	2	1
ygbN	2	3	1	3
rpoS	124	103	129	147
nlpD	38	47	64	52
pcm	15	13	31	35
umpG	43	34	37	44
truD	60	64	75	69
ispF	8	11	8	7
ispD	24	24	18	9
ftsB	6	8	5	4
ygbE	0	1	0	0
cysC	0	0	0	2
cysN	4	4	6	10
cysD	2	5	1	0
iap	15	11	2	2
cas2	0	0	0	0
cas1	1	3	3	1
casE	2	3	0	1
casD	0	2	2	1
casC	2	3	0	2
casB	0	0	0	0
casA	1	1	1	0
cas3	18	18	24	25
sokX	0	0	0	0
cysH	2	2	2	3
cysI	5	3	4	6
cysJ	5	4	8	9
queD	7	6	5	6
ygcN	80	70	168	134
ygcO	0	1	0	1
ygcP	13	7	27	30
ygcQ	2	0	0	1
ygcR	0	0	4	0
ygcS	0	0	0	0
ygcU	2	1	4	1
ygcW	0	0	0	1
yqcE	3	2	2	3
ygcE	4	3	6	3
queE	10	12	1	14
yqcG	0	0	0	0
ygcG	0	0	0	0
eno	2090	2395	2343	2626
pyrG	521	589	343	287
mazG	24	15	18	28
mazF	3	2	4	2
mazE	1	0	1	2
relA	162	127	226	182
rlmD	11	21	31	29
barA	67	54	64	63
gudD	35	36	71	102
gudX	17	15	49	48
gudP	22	25	68	82
yqcA	43	28	66	78
truC	19	26	12	11
yqcC	2	2	0	3
csrB	1664	1432	1785	2362
syd	19	19	20	17
queF	32	40	36	29
ppnN	746	759	1458	1578
sdaC	424	467	227	192
sdaB	198	171	65	69
ygdG	9	18	22	21
fucO	47	32	87	101
fucA	1	4	10	7
fucP	9	17	55	39
fucI	123	118	192	280
fucK	55	38	57	74
fucU	9	3	8	10
fucR	26	20	49	42
rlmM	50	40	22	25
ygdD	4	2	0	2
gcvA	9	13	3	6
gcvB	438	523	285	419
ygdI	0	1	1	2
csdA	60	30	50	57
csdE	9	3	10	10
tcdA	25	39	15	18
mltA	65	61	27	44
metZ	0	0	0	0
metW	0	0	0	0
metV	0	0	0	0
amiC	67	38	43	20
argA	6	5	10	16
recD	31	36	43	36
recB	104	79	112	116
ptrA	74	60	64	49
recC	98	89	78	102
ppdC	1	1	3	2
ygdB	2	1	1	2
ppdB	1	1	1	2
ppdA	1	1	1	2
thyA	61	57	45	53
lgt	107	81	85	64
ptsP	255	211	282	236
rppH	83	76	85	110
ygdT	0	0	0	0
mutH	7	4	5	6
ygdQ	44	27	29	20
ygdR	10	3	12	13
tas	81	87	120	131
lplT	11	10	14	9
aas	48	51	57	49
omrA	0	0	0	0
omrB	0	0	0	0
galR	22	25	51	51
lysA	2	1	4	4
lysR	8	6	8	6
ygeA	6	8	9	14
araE	7	4	10	15
kduD	4	3	7	5
kduI	3	1	4	3
yqeF	36	50	39	34
yqeG	51	43	22	11
yqeH	0	0	0	0
yqeI	4	3	4	2
yqeJ	0	0	0	1
yqeL	0	0	0	0
yqeK	0	0	0	0
ygeG	0	0	0	0
ygeH	0	1	1	0
ygeI	0	0	0	0
insD-4	0	0	0	0
insC-4	0	0	0	0
ygeQ	6	3	4	2
glyU	0	0	0	0
ygeR	30	15	35	36
xdhA	29	25	37	56
xdhB	7	3	8	9
xdhC	2	4	3	3
ygeV	189	209	410	404
ygeW	25	17	28	40
ygeX	17	6	23	25
ygeY	11	6	22	30
hyuA	6	5	12	13
yqeA	9	7	6	10
yqeB	115	109	228	259
yqeC	62	41	110	97
mocA	7	22	19	35
ygfK	128	93	190	226
ssnA	20	19	22	36
ygfM	11	9	17	21
xdhD	45	44	39	58
xanQ	6	2	3	3
guaD	1	5	8	8
ghxQ	7	6	5	7
ygfS	1	0	1	1
ygfT	3	1	11	8
uacT	5	3	7	10
yqfG	0	0	0	0
yqfH	0	0	0	0
idi	9	6	7	4
lysS	414	467	235	254
prfB	310	316	195	161
recJ	138	117	129	133
dsbC	49	48	39	41
xerD	61	52	50	32
fldB	57	23	39	32
ygfX	20	8	18	22
sdhE	17	9	14	24
ygfZ	161	173	176	211
yqfA	43	39	115	111
yqfB	4	1	4	3
bglA	76	100	144	140
ygfF	7	11	9	9
gcvP	493	419	586	636
gcvH	79	62	120	151
gcvT	360	337	551	585
yqfI	0	0	0	0
ubiI	92	79	108	93
ubiH	152	131	167	177
pepP	231	214	318	352
ygfB	68	65	87	80
zapA	24	16	20	21
ssrS	1487	2081	1478	2176
fau	6	5	14	14
sibC	0	1	0	0
ibsC	0	0	0	0
serA	42	24	52	45
rpiA	173	134	189	211
argP	42	26	38	36
scpA	4	6	4	3
argK	1	1	1	2
scpB	1	0	2	7
scpC	4	2	5	3
ygfI	3	0	4	1
yggE	60	46	65	74
argO	5	3	11	9
mscS	97	68	81	62
fbaA	1162	1201	1428	1385
pgk	651	695	884	834
epd	109	88	165	135
yggC	12	19	9	12
fumE	8	8	8	8
yggF	0	0	0	0
yggP	0	0	2	3
cmtA	1	0	1	0
cmtB	0	0	1	0
tktA	582	621	665	684
loiP	26	39	70	70
speB	94	68	78	112
speA	491	478	278	284
yqgB	0	0	0	0
yqgC	11	10	4	4
yqgD	0	0	0	0
metK	134	151	54	51
galP	10	7	16	6
yggI	1	6	3	2
endA	10	4	3	4
rsmE	14	9	18	12
gshB	57	46	96	86
yqgE	19	27	28	27
yqgF	9	10	6	8
yggR	0	1	0	0
yggS	26	23	23	23
yggT	29	29	18	18
yggU	2	1	1	1
rdgB	28	29	18	14
yggW	57	53	29	30
yggM	7	7	17	17
ansB	2675	2092	4323	5348
yggN	7	3	7	3
yggL	6	6	3	10
trmI	29	33	26	19
mutY	61	40	38	17
yggX	3	2	2	3
mltC	30	23	9	13
nupG	43	45	99	84
speC	35	45	33	29
yqgA	8	15	33	38
pheV	0.5	0	0	0
yghD	0	0	0	1
yghG	0	0	0	0
pppA	0	1	1	2
yghJ	15	22	31	31
glcA	1	0	1	0
glcB	61	58	73	83
glcG	7	1	3	7
glcF	5	7	13	11
glcE	1	2	1	0
glcD	0	1	3	2
glcC	16	23	8	17
yghO	3	0	2	0
insH-9	0	0	0	0
yghQ	1	2	1	0
yghR	0	0	1	1
yghS	0	0	1	0
yghT	1	0	0	0
pitB	1	1	2	2
gss	66	84	83	88
yghU	29	40	54	81
hybG	1	0	0	2
hybF	6	2	2	3
hybE	30	17	43	40
hybD	40	33	77	80
hybC	188	177	372	355
hybB	169	164	382	397
hybA	213	200	396	441
hybO	296	305	682	793
yghW	0	0	0	0
yqhI	0	0	0	0
gpr	167	135	313	394
yqhA	68	42	45	35
yghA	6	2	8	11
exbD	11	10	14	5
exbB	70	63	51	44
metC	12	12	12	12
yghB	30	28	64	60
yqhC	4	5	5	5
yqhD	75	73	170	212
dkgA	31	34	64	66
yqhG	1	0	2	2
yqhH	0	0	0	2
ygiQ	155	187	83	92
ftsP	80	67	107	87
plsC	14	26	22	16
parC	142	117	112	86
ygiS	16	12	26	12
mqsA	4	3	3	3
mqsR	4	0	1	2
ygiV	4	5	4	2
ygiW	19	17	20	39
qseB	4	5	7	9
qseC	13	7	16	7
ygiZ	0	0	0	1
mdaB	13	16	15	11
ygiN	30	25	41	48
parE	301	260	235	235
yqiA	39	24	42	28
cpdA	108	114	205	202
yqiB	5	3	6	3
nudF	16	19	12	20
tolC	484	437	436	481
ygiA	1	3	0	1
ygiB	165	179	219	229
ygiC	270	245	321	340
ygiD	4	3	2	9
zupT	39	23	50	34
yqiD	0	0	1	2
ribB	106	79	81	80
ubiK	11	11	15	11
ygiL	1	2	2	3
insC-5	0	0	0	0
insD-5	0	0	0	0
yqiH	1	0	1	0
yqiI	0	2	7	0
glgS	5	8	9	16
yqiJ	2	2	0	3
yqiK	10	5	7	10
sibD	0	1	0	0
ibsD	0	0	0	0
sibE	0	1	0	1
ibsE	0	0	0	0
rfaE	58	44	29	46
glnE	45	33	51	53
ygiF	5	10	9	21
ygiM	56	41	39	32
cca	104	65	99	105
bacA	18	16	20	20
folB	1	1	2	1
plsY	10	7	8	9
ttdR	1	4	10	11
ttdA	0	0	0	1
ttdB	0	0	0	0
ttdT	0	0	2	0
tsaD	58	72	67	51
rpsU	32	29	16	15
dnaG	227	170	114	96
rpoD	305	362	199	179
mug	12	10	23	31
ileX	0	0	0	0
nfeF	14	7	2	3
nfeR	10	14	26	19
aer	8	6	5	7
patA	10	9	22	23
ygjH	4	0	2	1
ebgR	28	21	62	51
ebgA	23	13	10	25
ebgC	2	0	0	0
ygjI	2	4	3	2
ygjJ	1	0	0	0
ygjK	5	3	5	3
fadH	18	23	20	22
higA	6	2	4	3
higB	0	0	0	0
rlmG	46	41	31	29
ygjP	3	2	3	4
ygjQ	2	1	2	1
ygjR	156	144	335	369
alx	6	11	5	8
sstT	34	30	36	26
ygjV	3	1	2	0
uxaA	35	34	68	79
uxaC	39	37	87	92
exuT	14	22	31	33
exuR	36	46	75	93
yqjA	23	15	16	25
mzrA	9	2	4	10
yqjC	8	7	16	12
yqjD	7	6	12	17
yqjE	35	36	67	65
yqjK	8	9	10	21
yqjF	2	1	2	3
yqjG	14	15	18	15
yhaH	3	7	5	16
yhaI	0	0	0	0
yhaJ	18	8	17	8
yhaK	0	0	3	3
yhaL	0	0	3	1
cyuA	43	46	67	85
cyuP	39	40	58	73
tdcG	775	552	770	950
tdcF	150	99	150	168
tdcE	3182	2456	3684	4284
tdcD	1527	1121	2108	2135
tdcC	3062	2442	4801	5140
tdcB	2387	2189	4885	5347
tdcA	119	284	737	969
tdcR	0	0	0	0
yhaB	2	0	0	0
yhaC	0	0	1	0
rnpB	15440	11453	16123	20507
garK	275	277	609	742
garR	288	245	664	797
garL	171	164	424	480
garP	124	188	469	513
garD	414	535	1275	1499
prlF	3	3	2	4
yhaV	25	11	23	20
agaR	18	20	33	28
kbaZ	2	6	5	7
agaV	2	1	2	2
agaS	2	2	7	3
kbaY	0	1	1	1
agaB	1	0	0	0
agaC	0	0	0	0
agaD	0	0	0	0
agaI	2	1	0	0
yraH	0	2	0	1
yraI	0	0	0	0
yraJ	10	8	13	10
yraK	4	4	5	3
rsmI	24	17	12	15
lpoA	129	134	163	127
yraN	6	3	8	2
diaA	32	28	33	37
yraP	49	34	41	45
yraQ	18	13	10	6
yraR	2	4	2	4
yhbO	0	2	0	1
yhbP	6	2	3	6
yhbQ	0	1	1	2
yhbS	89	65	216	245
yhbT	151	159	394	438
yhbU	27	24	80	76
yhbV	33	34	48	80
yhbW	28	23	37	28
mtr	7	9	16	10
deaD	1513	1722	709	648
yrbN	0	0	0	0
nlpI	731	706	495	441
pnp	2200	2341	1696	1859
sraG	1	0	0	1
rpsO	62	52	38	19
truB	144	159	96	79
rbfA	32	28	28	21
infB	1266	1796	912	989
nusA	569	587	377	394
rimP	60	48	42	44
metY	0	0	0	0
argG	56	77	55	41
yhbX	2	0	3	2
leuU	0	0	0	0
secG	96	54	67	29
glmM	390	348	486	576
folP	17	35	15	22
ftsH	944	887	832	814
rlmE	108	71	91	98
yhbY	31	25	16	20
greA	43	35	25	21
dacB	46	38	32	25
obgE	149	196	84	52
yhbE	89	70	27	29
rpmA	77	54	41	44
rplU	77	72	40	44
ispB	147	109	143	130
sfsB	0	0	0	0
murA	154	139	84	95
ibaG	0	1	0	2
mlaB	1	2	1	1
mlaC	39	28	51	46
mlaD	28	20	20	15
mlaE	47	38	59	38
mlaF	49	52	51	49
yrbG	22	21	31	18
kdsD	52	39	54	40
kdsC	27	22	27	22
lptC	32	20	26	19
lptA	37	49	26	52
lptB	71	62	54	71
rpoN	188	150	188	214
hpf	3	3	4	5
ptsN	36	25	49	38
rapZ	68	57	82	60
npr	1	4	0	1
yrbL	142	130	166	154
mtgA	21	23	33	20
elbB	57	49	125	153
arcZ	0	0	0	0
arcB	125	151	222	171
yhcC	5	6	33	23
gltB	90	96	95	80
gltD	26	20	27	30
gltF	2	2	5	5
yhcA	1	0	0	0
yhcD	4	5	10	2
insH-10	0	0	0	0
yhcF	13	3	3	2
yhcG	1	1	3	0
yhcH	24	11	31	42
nanK	40	18	35	43
nanE	28	24	51	38
nanT	91	80	146	110
nanA	142	130	220	253
nanR	54	43	57	69
dcuD	3	1	0	4
sspB	158	136	164	158
sspA	219	186	195	172
rpsI	820	641	408	413
rplM	326	322	175	180
zapE	26	10	27	19
yhcB	59	51	100	117
degQ	27	21	33	32
degS	21	16	29	12
mdh	978	823	1211	1452
argR	56	45	50	36
yhcN	1	1	0	2
yhcO	0	0	0	1
aaeB	2	3	7	5
aaeA	1	0	1	2
aaeX	0	0	0	0
aaeR	21	14	20	30
tldD	149	102	162	148
yhdP	80	58	70	60
rng	72	73	55	65
yhdE	19	10	13	11
mreD	14	10	8	6
mreC	92	97	48	44
mreB	288	262	190	171
csrD	51	45	54	43
yhdH	19	23	59	61
accB	98	95	44	50
accC	501	522	246	243
yhdT	2	1	0	0
panF	33	29	17	15
prmA	43	47	26	22
dusB	333	276	189	129
fis	15	14	11	9
yhdJ	1	3	1	0
yhdU	0	0	0	0
envR	0	0	0	0
acrE	0	1	0	0
acrF	4	5	11	2
yhdV	0	0	0	0
yhdX	4	2	2	1
yhdY	0	1	2	1
yhdZ	2	3	8	1
rrfF	0	0	0	0
thrV	0	0	0	0
rrfD	0	0	0	0
rrlD	28.5	16.5	16	6
alaU	0	0	0	0
ileU	0	0	0	0
rrsD	60	10.5	14	7.5
yrdA	27	28	41	45
yrdB	1	0	1	2
aroE	18	12	19	20
tsaC	25	10	12	10
yrdD	27	16	23	16
smg	28	33	75	80
smf	8	9	5	4
def	69	57	54	54
fmt	126	186	143	152
rsmB	94	100	80	89
trkA	74	80	52	71
mscL	23	15	27	23
arfA	0	0	0	0
zntR	3	7	1	3
yhdN	3	0	8	1
rplQ	759	594	370	355
rpoA	4284	4492	2291	2202
rpsD	1976	2158	1201	1134
rpsK	530	491	288	308
rpsM	302	283	175	221
rpmJ	0	3	1	0
secY	4526	5106	2610	2188
rplO	926	969	542	575
rpmD	12	15	5	6
rpsE	929	1031	449	450
rplR	187	178	79	93
rplF	1041	1099	505	506
rpsH	351	366	182	185
rpsN	121	129	49	59
rplE	1432	1269	696	646
rplX	192	169	109	91
rplN	402	409	264	209
rpsQ	87	139	65	66
rpmC	14	30	11	15
rplP	512	515	280	300
rpsC	2623	3096	1407	1436
rplV	256	248	95	150
rpsS	93	112	45	49
rplB	2482	2981	1078	1148
rplW	134	155	57	74
rplD	1543	1702	735	726
rplC	1984	2356	940	984
rpsJ	163	163	70	74
gspB	0	0	1	0
gspA	1	1	1	0
gspC	0	2	0	1
gspD	7	4	7	5
gspE	3	1	2	0
gspF	1	5	1	2
gspG	0	0	1	1
gspH	0	0	0	0
gspI	0	0	0	0
gspJ	0	0	1	1
gspK	3	2	2	4
gspL	9	5	8	11
gspM	0	0	0	1
gspO	2	0	0	0
bfr	24	22	36	31
bfd	0	0	0	0
chiA	15	20	22	21
tufA	7943	9171.5	8771	8797
fusA	9026	10914	6877	6913
rpsG	681	733	395	402
rpsL	278	233	158	165
tusB	2	1	0	0
tusC	4	0	1	4
tusD	2	5	7	4
yheO	29	21	23	27
fkpA	344	313	239	225
slyX	3	1	2	2
slyD	473	479	471	412
yheV	1	0	0	1
kefB	12	10	14	9
kefG	0	2	2	1
yheS	88	86	62	45
yheT	20	25	15	12
yheU	0	0	0	0
prkB	20	29	38	43
yhfA	14	16	25	27
crp	230	218	296	282
yhfK	107	66	108	71
argD	11	17	8	9
pabA	6	6	7	0
fic	7	5	10	6
yhfG	0	0	1	0
ppiA	65	49	51	42
tsgA	9	16	6	7
nirB	97	113	303	370
nirD	7	4	7	7
nirC	9	11	20	15
cysG	23	24	28	26
yhfL	0	0	0	0
frlA	0	2	2	1
frlB	1	4	6	4
frlC	3	0	2	3
frlD	6	2	2	5
frlR	20	20	24	23
yhfS	1	1	8	4
yhfT	0	1	1	2
yhfU	0	0	0	0
php	2	1	3	0
yhfW	0	3	2	0
yhfX	0	0	0	1
yhfY	0	0	0	1
yhfZ	5	6	9	5
trpS	74	89	66	65
gph	33	47	40	33
rpe	41	33	42	25
dam	49	38	23	21
damX	185	216	153	163
aroB	184	165	162	122
aroK	83	65	83	48
hofQ	0	5	1	4
hofP	0	0	0	0
hofO	0	0	0	0
hofN	0	0	1	0
hofM	0	1	2	3
mrcA	59	42	24	15
nudE	36	29	23	22
igaA	53	34	45	26
yrfG	25	18	19	8
hslR	9	7	7	2
hslO	45	58	39	32
yhgE	11	18	20	31
pck	2711	2550	4297	5277
envZ	87	80	115	108
ompR	87	104	134	142
greB	5	6	3	5
yhgF	91	86	55	57
feoA	1	0	1	1
feoB	64	83	123	108
feoC	0	0	0	0
rpnA	6	3	8	3
bioH	12	18	16	26
yhgH	17	6	11	29
nfuA	79	55	40	31
gntT	22	22	38	33
malQ	311	314	642	739
malP	517	497	998	1132
malT	286	319	520	468
rtcA	5	3	9	12
rtcB	9	2	4	4
rtcR	5	2	6	10
glpG	41	27	26	12
glpE	5	4	3	5
glpD	2475	2531	4334	4979
yzgL	2	4	11	3
glgP	388	318	537	652
glgA	215	195	390	419
glgC	256	220	438	524
glgX	151	122	224	292
glgB	193	162	265	287
asd	109	110	190	217
yhgN	10	8	1	4
gntU	12	8	20	17
gntK	2	2	6	7
gntR	64	71	104	90
yhhW	12	14	25	32
yhhX	132	111	210	193
ryhB	0	0	0	0
yhhY	3	3	5	7
yhhZ	1	0	0	0
insA-6	0	0	0	0
insB-6	0	0	0	0
yrhD	0	0	0	0
yrhB	0	0	0	0
ggt	27	25	15	21
yhhA	7	6	8	24
ugpQ	14	5	14	10
ugpC	6	4	1	6
ugpE	1	0	0	0
ugpA	1	1	2	2
ugpB	9	5	7	10
livF	1	0	0	1
livG	2	1	0	0
livM	6	0	3	2
livH	3	1	1	0
livK	6	3	5	1
panZ	11	8	17	20
livJ	1	1	3	1
rpoH	239	228	258	231
ftsX	52	49	53	44
ftsE	19	17	28	19
ftsY	92	104	85	55
rsmD	11	13	15	17
yhhL	0	0	0	0
yhhM	3	3	3	3
yhhN	33	15	33	38
zntA	116	126	255	266
tusA	1	0	2	2
yhhQ	5	7	4	3
dcrB	141	148	248	312
yhhS	18	14	28	26
yhhT	8	0	6	3
acpT	22	9	15	9
nikA	79	94	203	201
nikB	27	9	39	64
nikC	13	22	27	34
nikD	16	12	29	39
nikE	28	19	33	32
nikR	3	1	7	3
rhsB	22.5	15.5	16.5	27
yhhH	0	0	0	0
yhhI	1	0	1	1
yhhJ	26	10	28	42
rbbA	92	67	167	191
yhiI	42	35	64	83
yhiJ	1	1	3	1
yhiM	2	2	2	1
yhiN	34	32	24	17
pitA	227	243	174	166
uspB	1	1	1	5
uspA	182	177	403	573
dtpB	240	216	369	437
rsmJ	7	10	16	14
prlC	106	126	125	124
rlmJ	55	44	57	48
gor	157	166	179	193
dinQ	0	0	0	0
agrA	0	0	0	0
agrB	0	0	0	0
arsR	3	1	0	0
arsB	4	5	1	1
arsC	0	0	0	1
insH-11	0	0	0	0
slp	17	15	29	23
dctR	0	0	0	0
yhiD	4	0	0	0
hdeB	0	0	1	2
hdeA	11	7	8	17
hdeD	4	4	14	8
arrS	0	0	0	0
gadE	0	1	2	0
gadF	0	0	0	0
mdtE	3	2	2	2
mdtF	18	12	9	23
gadW	4	2	9	2
gadY	0	0	0	0
gadX	25	18	34	20
gadA	2.5	3.5	8.5	6
ccp	30	12	49	46
treF	8	10	12	14
yhjB	3	1	1	1
yhjC	2	4	4	1
yhjD	22	10	19	25
yhjE	2	0	1	3
yhjG	15	10	24	17
pdeH	0	1	1	0
kdgK	24	25	48	53
yhjJ	67	45	78	39
dctA	216	219	202	175
pdeK	29	20	23	27
bcsC	12	22	19	19
bcsZ	0	1	1	1
bcsB	6	10	5	4
bcsA	8	3	6	7
yhjR	0	0	0	0
bcsE	103	74	137	139
bcsF	1	0	0	0
bcsG	52	43	82	50
ldrD	0	0	0	0
rdlD	0	0	0	0
yhjV	22	14	8	12
dppF	12	12	13	21
dppD	12	13	9	15
dppC	11	7	17	17
dppB	18	7	7	7
dppA	295	166	422	377
proK	0	0	0	0
eptB	118	89	77	76
yhjX	1	2	0	2
yhjY	10	7	9	7
tag	13	7	19	23
yiaC	2	4	4	3
bisC	35	49	34	37
yiaD	12	11	6	6
ghrB	137	117	175	151
yiaF	129	98	134	140
yiaG	0	0	0	1
cspA	145	128	76	70
hokA	0	0	0	0
insJ	1	2	0	2
insK	2	2	1	1
glyS	711	818	609	664
glyQ	284	276	240	260
ysaB	0	1	0	1
wecH	2	1	2	5
yiaA	0	0	0	0
yiaB	0	0	1	0
xylB	3	1	3	5
xylA	1	2	8	9
xylF	6	6	2	8
xylG	3	5	4	3
xylH	3	1	2	5
xylR	11	8	7	7
bax	144	88	105	66
malS	11	4	21	18
avtA	66	58	54	28
ysaA	23	33	68	78
yiaJ	19	16	20	18
yiaK	1	0	1	1
yiaL	0	0	0	0
yiaM	0	0	0	0
yiaN	1	1	2	0
yiaO	1	1	1	2
lyxK	3	1	3	1
sgbH	0	0	1	0
sgbU	0	0	2	1
sgbE	3	0	0	0
yiaT	0	0	0	0
yiaU	7	8	8	7
yiaV	0	1	1	0
yiaW	0	0	1	0
aldB	33	21	61	65
yiaY	0	1	0	0
selB	208	163	334	324
selA	126	125	238	235
yibF	8	8	12	24
rhsA	18.5	17.5	15.5	18
yibA	0	0	1	1
yibG	0	0	0	0
yibV	0	0	0	0
yibH	3	0	2	3
yibI	1	0	0	0
mtlA	76	74	120	146
mtlD	76	59	122	156
mtlR	22	16	15	18
yibT	1	0	1	4
yibL	22	15	18	18
lldP	570	519	75	75
lldR	113	76	17	15
lldD	197	150	56	44
trmL	18	8	7	9
cysE	94	49	64	47
gpsA	319	303	334	341
secB	138	105	154	191
grxC	4	4	7	7
yibN	52	51	45	53
gpmM	563	537	992	1145
envC	82	79	77	55
yibQ	18	18	18	19
waaH	2	1	2	4
tdh	411	390	682	757
kbl	514	526	961	1102
htrL	46	36	42	14
rfaD	141	149	175	199
waaF	99	78	116	80
waaC	43	36	39	37
waaL	73	81	61	27
waaU	43	26	37	16
waaZ	25	29	20	11
waaY	29	16	24	12
waaJ	32	29	30	19
waaO	35	31	18	15
waaB	31	33	20	25
waaS	18	27	21	5
waaP	18	20	11	12
waaG	49	47	27	21
waaQ	53	47	42	35
waaA	57	49	46	34
coaD	11	8	9	6
mutM	10	4	4	5
rpmG	4	18	6	2
rpmB	56	50	22	25
yicR	5	8	5	16
dfp	92	83	101	78
dut	31	31	33	28
slmA	51	44	39	16
pyrE	1	2	5	0
rph	79	72	51	47
yicC	115	105	117	113
dinD	7	11	13	18
yicG	33	23	36	38
ligB	3	4	15	19
gmk	134	87	87	100
rpoZ	7	7	9	9
spoT	356	269	234	200
trmH	29	28	10	26
recG	58	61	36	44
gltS	39	64	49	51
xanP	13	37	2	8
yicH	53	57	76	64
yicI	10	8	9	9
yicJ	0	1	1	3
selC	0	0	0	0
setC	0	0	0	0
yicL	18	11	15	19
nlpA	3	3	8	11
yicS	0	0	0	0
nepI	20	6	7	5
yicN	11	8	5	7
adeQ	0	1	0	0
adeD	21	24	34	38
uhpT	1	2	3	0
uhpC	2	2	2	2
uhpB	12	13	5	11
uhpA	6	11	15	5
ilvN	1	0	1	0
ilvB	23	18	23	18
ivbL	0	0	0	0
istR	0	0	0	0
tisB	0	0	0	0
emrD	26	17	31	13
yidF	6	8	25	34
yidG	0	1	0	1
yidH	1	1	1	1
yidI	2	3	4	6
yidJ	2	2	5	4
yidK	1	0	2	1
yidL	1	0	0	2
glvG	0	2	3	2
glvB	1	0	0	0
glvC	0	1	1	0
yidP	1	1	1	0
yidE	65	49	135	161
ibpB	0	1	1	1
ibpA	6	4	5	2
yidQ	3	6	8	10
yidR	36	33	42	47
cbrA	1	1	0	0
dgoT	3	1	0	7
dgoD	6	4	1	7
dgoA	2	1	6	1
dgoK	1	5	5	15
dgoR	7	3	12	16
yidX	4	3	3	3
yidA	88	91	127	139
yidB	1	0	2	0
gyrB	394	383	303	329
recF	21	34	18	15
dnaN	91	76	66	76
dnaA	241	134	154	138
ysdD	0	0	0	0
rpmH	0	2	2	1
rnpA	50	32	18	16
yidD	13	20	4	6
yidC	825	843	380	355
mnmE	62	56	40	43
tnaC	0	0	0	1
tnaA	14383	11299	22885	25705
tnaB	1679	1117	2450	2706
mdtL	25	10	19	17
yidZ	14	11	18	6
yieE	95	94	238	261
yieF	131	99	216	259
adeP	151	180	74	76
yieH	6	8	5	3
cbrB	1	1	0	0
cbrC	2	1	5	3
yieK	1	2	2	1
yieL	2	0	1	0
bglH	0	0	0	0
bglB	0	2	1	1
bglF	20	9	20	11
bglG	0	0	0	0
phoU	16	16	20	24
pstB	11	8	6	6
pstA	2	7	5	5
pstC	5	3	6	6
pstS	10	10	11	15
glmS	550	641	574	596
glmU	566	432	488	448
atpC	144	142	100	110
atpD	1769	1959	1276	1273
atpG	763	769	420	410
atpA	2262	2347	1127	1223
atpH	319	284	180	151
atpF	321	286	158	181
atpE	17	16	11	13
atpB	455	394	200	171
atpI	47	37	20	19
rsmG	12	11	13	5
mnmG	190	177	115	84
mioC	78	44	61	31
asnC	4	3	1	0
asnA	27	16	17	27
viaA	75	65	155	147
ravA	90	137	262	320
kup	28	24	37	38
rbsD	2	7	26	27
rbsA	44	55	68	71
rbsC	70	54	104	107
rbsB	290	272	560	611
rbsK	91	89	155	143
rbsR	17	10	36	16
hsrA	30	22	60	46
yieP	72	71	131	131
rrsC	74.5	23	25	23
gltU	0	0	0	0
rrlC	128.5	51	49	35
rrfC	0	0	0	0
aspT	0	0	0	0
trpT	0	0	0	0
hdfR	47	29	34	54
maoP	30	29	25	23
yifB	6	3	13	18
ilvL	0	0	0	0
ilvX	0	0	0	0
ilvM	0	0	0	0
ilvE	13	11	27	19
ilvD	18	20	26	28
ilvA	20	8	29	25
ilvY	4	5	12	10
ilvC	17	18	26	33
ppiC	13	4	8	8
rep	91	65	52	39
gpp	203	166	164	168
rhlB	467	438	441	401
trxA	83	52	58	72
rhoL	0	0	0	0
rho	830	846	520	432
rfe	174	108	154	117
wzzE	91	78	78	76
wecB	65	52	54	48
wecC	85	95	73	92
rffG	48	75	57	57
rffH	46	46	50	41
rffC	15	15	9	10
wecE	54	55	54	61
wzxE	46	32	40	35
rffT	28	28	18	13
wzyE	19	20	12	5
rffM	7	17	19	11
yifK	31	30	13	11
argX	0	0	0	0
hisR	0	0	0	0
leuT	0	0	0	0
proM	0	0	0	0
aslB	3	6	6	6
aslA	4	3	9	10
glmZ	22	36	20	26
hemY	176	133	224	254
hemX	170	130	214	243
hemD	42	39	71	70
hemC	172	163	262	273
cyaA	273	222	276	256
cyaY	15	6	2.5	4
yzcX	0	0	2.5	0
yifL	0	1	0	1
dapF	74	56	79	69
yigA	47	37	63	60
xerC	43	43	44	52
yigB	26	13	29	25
uvrD	165	148	144	124
yigE	0	1	3	1
corA	60	52	32	21
yigF	2	0	0	4
yigG	0	0	0	0
rarD	31	20	10	8
yigI	4	2	2	3
pldA	47	57	41	31
recQ	109	82	70	53
rhtC	23	15	28	16
rhtB	4	2	5	1
pldB	44	43	66	62
yigL	43	44	43	37
bioP	14	23	11	7
metR	3	4	2	3
metE	21	16	32	39
ysgA	9	9	18	15
udp	248	246	562	723
rmuC	19	32	49	53
ubiE	159	109	195	169
ubiJ	50.5	44.5	59.5	52.5
esrE	1.5	0.5	0.5	0.5
ubiB	131	107	157	113
tatA	23	9	24	34
tatB	59	57	78	89
tatC	99	94	124	102
tatD	21	14	15	23
rfaH	17	7	8	7
ubiD	284	338	363	347
fre	73	71	115	91
fadA	35	19	12	4
fadB	82	54	16	11
pepQ	224	209	352	399
yigZ	33	23	58	57
trkH	68	46	56	53
hemG	21	8	13	9
rrsA	46	6	6	3
ileT	0	0	0	0
alaT	0	0	0	0
rrlA	95	43	40	27
rrfA	0	0	0	0
mobB	1	2	4	4
mobA	5	2	8	9
yihD	4	7	5	3
srkA	88	52	90	35
dsbA	129	126	125	133
yihF	4	3	4	1
yihG	20	10	11	6
polA	273	301	468	530
spf	0	0	0	0
yihA	64	57	75	81
csrC	79	81	62	88
yihI	20	17	19	26
hemN	91	80	86	111
yshB	0	0	0	0
glnG	43	40	35	42
glnL	18	38	29	36
glnA	675	454	436	414
bipA	1370	1503	563	604
yihL	6	4	10	2
yihM	10	5	11	9
yihN	2	6	2	1
ompL	0	0	0	0
yihO	0	0	2	0
yihP	2	0	1	3
yihQ	0	0	0	1
yihR	0	0	0	0
yihS	5	3	7	13
yihT	3	1	6	0
yihU	0	2	0	1
yihV	2	4	3	4
yihW	12	8	21	16
yihX	40	39	76	95
yihY	30	22	45	44
dtd	5	10	25	21
yiiD	48	29	51	59
yiiE	0	0	0	0
yiiF	0	0	0	0
fdhE	211	239	242	229
fdoI	194	190	254	279
fdoH	445	443	518	600
fdoG	2454	2584	3056	3175
fdhD	21	18	47	32
yiiG	4	2	3	4
frvR	2	2	0	3
frvX	4	5	2	0
frvB	4	2	3	0
frvA	0	1	0	2
rhaM	0	0	0	1
rhaD	2	0	0	1
rhaA	2	0	2	0
rhaB	0	1	1	1
rhaS	2	1	0	2
rhaR	2	1	7	5
rhaT	2	0	0	4
sodA	625	555	226	280
kdgT	5	3	5	5
yiiM	27	25	37	42
cpxA	79	86	97	106
cpxR	56	63	57	67
cpxP	53	19	42	28
cpxQ	0	0	0	0
fieF	37	30	51	48
pfkA	274	259	511	557
sbp	9	4	5	5
cdh	4	6	11	3
tpiA	539	513	736	830
yiiQ	12	7	12	5
yiiR	1	5	4	0
yiiS	0	1	7	2
uspD	15	3	10	15
fpr	85	70	40	37
glpX	143	143	248	230
glpK	2060	2036	4022	4489
glpF	270	327	645	675
zapB	8	8	5	14
rraA	155	165	376	376
menA	22	18	25	17
hslU	140	132	176	144
hslV	31	31	33	27
ftsN	64	63	59	50
cytR	22	34	33	25
priA	42	40	34	19
rpmE	13	29	13	29
yiiX	9	7	4	3
metJ	5	14	2	23
metB	13	9	17	12
metL	77	59	51	49
metF	3	6	2	2
katG	921	862	1615	1895
yijE	13	12	13	13
yijF	0	0	0	0
gldA	261	228	516	659
fsaB	13	12	28	37
ptsA	27	21	56	79
frwC	1	1	2	2
frwB	1	0	0	1
pflD	10	8	12	10
pflC	1	0	2	0
frwD	0	0	0	0
yijO	11	10	23	14
eptC	67	63	26	38
ppc	331	344	454	490
argE	29	27	36	31
argC	7	10	6	3
argB	8	4	5	1
argH	38	24	20	23
oxyS	0	0	0	0
oxyR	155	152	247	227
sthA	505	436	389	386
fabR	78	56	89	100
yijD	42	21	37	61
trmA	93	87	60	53
btuB	107	102	120	112
murI	42	58	67	90
rrsB	0	0	0	0
gltT	0	0	0	0
rrlB	28	6.5	6	5
rrfB	0	0	0	0
murB	72	44	44	44
birA	30	29	30	20
coaA	66	51	35	17
thrU	0	0	0	0
tyrU	1	0	0	0
glyT	0	0	0	0
thrT	0	0	0	0
tufB	3608	4014.5	3648	3699
secE	87	72	48	52
nusG	168	141	92	110
rplK	348	292	185	208
rplA	1682	1966	1008	942
rplJ	1371	1267	793	887
rplL	755	762	408	508
rpoB	2695	3370	1476	1383
rpoC	3599	4356	2556	2513
yjaZ	3	4	2	3
sroH	0	3	3	2
thiH	4	2	2	5
thiG	3	0	1	2
thiS	0	0	0	0
thiF	0	3	2	2
thiE	0	1	2	0
thiC	12	6	5	10
rsd	5	12	18	18
nudC	21	9	23	14
hemE	80	84	109	104
nfi	31	29	35	29
yjaG	41	48	42	49
hupA	35	40	41	59
yjaH	12	21	20	20
zraP	2	4	3	4
zraS	10	22	46	43
zraR	10	3	13	20
purD	51	87	22	27
purH	64	85	36	32
rrsE	0	0	0	0
gltV	0	0	0	0
rrlE	0	0	0	0
rrfE	0	0	0	0
yjaA	1	0	1	0
yjaB	0	4	4	4
metA	1	2	1	3
aceB	156	128	73	76
aceA	183	176	165	181
aceK	55	26	32	21
arpA	2	1	1	0
iclR	81	59	58	48
metH	207	229	290	317
yjbB	23	38	33	21
pepE	122	122	218	237
rluF	33	22	32	19
yjbD	5	1	11	7
lysC	31	20	23	16
pgi	558	577	634	758
yjbE	0	0	0	0
yjbF	0	0	1	0
yjbG	0	0	0	1
yjbH	3	3	4	1
yjbT	0	0	0	0
psiE	0	1	0	0
xylE	2	3	2	1
malG	17	11	35	26
malF	64	44	99	100
malE	234	211	458	499
malK	36	41	100	80
lamB	235	196	376	411
malM	79	62	90	80
ubiC	8	15	9	13
ubiA	48	38	44	42
plsB	358	334	365	361
dgkA	5	5	4	13
lexA	192	223	268	313
dinF	24	25	20	36
yjbJ	1	0	1	0
zur	56	36	70	77
yjbL	0	0	0	0
yjbM	0	1	0	0
dusA	65	64	50	36
pspG	0	0	0	0
qorA	58	45	123	135
dnaB	118	101	109	79
alr	48	61	44	47
tyrB	47	59	77	74
yjbS	0	0	0	0
aphA	141	151	224	248
yjbQ	15	6	21	28
yjbR	5	2	7	21
uvrA	282	227	303	260
ssb	82	76	121	133
yjcB	0	0	1	3
pdeC	7	2	7	5
soxS	35	16	0	3
soxR	2	2	6	4
ryjA	0	0	0	0
ghxP	15	20	9	7
yjcE	33	30	80	80
yjcF	0	0	1	0
actP	31	10	5	7
yjcH	0	0	0	0
acs	70	49	15	18
nrfA	386	369	928	1106
nrfB	51	43	121	133
nrfC	71	62	157	170
nrfD	120	80	180	213
nrfE	31	23	61	54
nrfF	0	0	1	1
nrfG	1	1	5	10
gltP	88	64	44	40
yjcO	13	22	12	26
fdhF	173	176	355	382
mdtP	0	2	0	2
mdtO	0	0	2	7
mdtN	0	2	1	2
ytcA	0	0	0	0
yjcS	0	1	0	0
alsK	3	2	3	2
alsE	1	0	3	2
alsC	1	3	2	5
alsA	2	4	4	4
alsB	6	9	11	5
alsR	24	24	40	29
rpiB	0	0	0	1
yjdP	2	0	0	1
phnP	2	1	1	1
phnO	1	0	0	1
phnN	0	1	0	0
phnM	3	0	0	0
phnL	0	2	1	2
phnK	0	0	0	0
phnJ	0	0	1	0
phnI	0	0	1	0
phnH	1	0	0	0
phnG	0	0	0	0
phnF	1	0	0	0
phnD	0	0	0	0
phnC	1	0	0	0
yjdN	1	0	0	0
yjdM	6	4	4	3
crfC	9	6	9	11
yjcZ	1	1	1	1
proP	237	206	222	204
pmrR	0	0	0	0
basS	21	12	20	21
basR	13	22	35	39
eptA	2	1	1	0
adiC	5	7	8	11
adiY	15	10	28	30
adiA	6	11	16	10
melR	6	10	18	24
melA	13	14	12	19
melB	10	3	12	4
yjdF	2	2	1	2
fumB	75	56	127	142
dcuB	64	41	94	125
dcuR	22	18	27	27
dcuS	41	51	38	53
yjdI	0	0	1	0
yjdJ	0	0	0	0
ghoS	0	1	0	4
ghoT	0	0	0	0
lysU	566	538	844	921
dtpC	3	1	2	6
cadA	4	1	4	3
cadB	0	1	0	1
cadC	12	10	12	9
pheU	0.5	0	0	0
yjdC	16	15	20	12
dsbD	58	48	47	38
cutA	6	5	3	2
dcuA	1409	1270	2367	2631
aspA	3393	3830	6679	7402
fxsA	12	13	15	12
yjeH	2	6	14	7
groS	10	8	12	14
groL	818	687	757	830
yjeI	20	17	38	41
yjeJ	5	2	1	3
epmB	47	19	33	24
efp	373	275	232	176
ecnA	0	0	0	0
ecnB	1	4	0	0
gdx	2	4	4	2
blc	4	5	7	14
ampC	65	30	49	34
frdD	154	118	244	286
frdC	97	74	148	183
frdB	538	421	850	983
frdA	2367	2354	4888	5636
epmA	28	21	27	13
yjeM	10	6	14	10
yjeN	0	1	0	0
yjeO	0	0	0	0
mscM	67	49	59	43
psd	105	89	85	84
rsgA	126	118	116	121
orn	28	20	23	27
glyV	0	0	0	0
glyX	0	0	0	0
glyY	0	0	0	0
yjeV	0	0	0	0
queG	57	32	60	41
nnr	31	23	31	25
tsaE	3	6	3	4
amiB	33	23	29	24
mutL	73	70	89	72
miaA	155	150	183	181
hfq	49	46	79	82
hflX	233	182	263	222
hflK	387	390	380	419
hflC	278	292	232	292
yjeT	0	0	0	0
purA	1198	1431	1648	1611
nsrR	6	2	5	4
rnr	352	376	416	506
rlmB	54	70	56	68
yjfI	0	0	0	0
yjfJ	4	2	0	2
yjfK	0	0	0	0
yjfL	0	0	0	0
yjfM	0	2	1	1
yjfC	2	1	1	1
aidB	3	3	4	6
yjfN	2	7	17	22
bsmA	29	65	102	150
yjfP	8	10	21	18
ulaR	7	16	11	15
ulaG	3	7	2	6
ulaA	1	2	1	5
ulaB	0	0	0	0
ulaC	0	1	3	1
ulaD	2	3	4	1
ulaE	2	4	4	9
ulaF	2	1	4	4
yjfY	0	0	0	0
rpsF	302	283	146	124
priB	112	100	48	59
rpsR	15	26	7	10
rplI	877	810	367	413
yjfZ	3	1	2	2
ytfB	36	23	45	47
fklB	112	139	90	82
cycA	84	58	37	46
ytfE	19	13	30	39
ytfF	7	5	2	3
qorB	6	9	11	8
ytfH	0	0	1	0
cpdB	111	90	147	159
cysQ	31	25	65	68
ytfI	4	0	2	1
ytfJ	4	12	11	7
ytfK	4	2	7	11
ytfL	39	25	39	18
msrA	26	18	40	40
tamA	73	31	66	30
tamB	98	83	91	125
ytfP	8.5	0	9	11.5
yzfA	1.5	0	1	1.5
chpS	0	0	0	0
chpB	1	0	0	2
ppa	413	424	308	318
ytfQ	7	6	10	8
ytfR	3	0	4	6
ytfT	1	1	3	4
yjfF	3	4	5	4
fbp	222	200	168	176
mpl	187	189	187	155
yjgA	95	73	56	65
pmbA	107	102	171	161
nrdG	3	2	1	6
nrdD	82	82	151	132
treC	44	46	84	70
treB	56	70	111	96
treR	8	6	5	9
mgtL	0	0	0	0
mgtA	43	41	21	18
ridA	245	218	278	425
pyrI	4	11	13	10
pyrB	14	25	22	24
pyrL	0	0	0	0
yjgH	0	0	0	0
bdcA	2	1	5	1
bdcR	5	8	2	6
tabA	24	16	30	38
yjgL	5	5	3	1
argI	1	2	1	2
rraB	104	82	115	183
yjgM	2	3	6	5
yjgN	0	0	1	0
valS	486	485	348	335
holC	9	7	8	18
pepA	205	188	194	214
lptF	33	38	31	13
lptG	71	79	65	62
yjgR	14	10	9	15
idnR	5	2	5	3
idnT	3	4	4	3
idnO	3	3	5	2
idnD	2	0	4	7
idnK	0	5	2	3
ahr	27	12	25	42
leuX	0	0	0	0
insC-6	0	0	0	0
insD-6	0	0	0	0
yjgZ	0	0	0	0
insG	14	9	7	8
yjhB	10	5	1	2
yjhC	21	23	26	33
ythA	0	0	0	0
insI-3	6.5	2.5	5	1
fecE	18	11	7	2
fecD	26	20	11	12
fecC	29	26	11	5
fecB	58	59	13	9
fecA	256	265	59	64
fecR	4	2	1	2
fecI	3	3	0	1
insA-7	1	0	1	1
yjhU	39	39	60	64
yjhF	4	4	3	4
yjhG	11	9	18	33
yjhH	7	5	5	6
yjhI	0	1	2	2
sgcR	3	1	4	1
sgcE	4	1	2	2
sgcA	3	0	0	1
ryjB	0	0	0	0
sgcQ	0	2	6	2
sgcC	2	6	5	5
sgcB	0	0	1	0
sgcX	5	5	12	3
yjhP	5	6	9	8
yjhQ	1	1	1	7
topAI	0	2	0	2
nanS	1	1	2	1
nanM	2	3	5	6
nanC	0	1	0	0
fimB	6	2	6	6
fimE	1	1	3	0
fimA	326	321	370	397
fimI	30	24	17	15
fimC	28	20	20	14
fimD	23	24	8	14
fimF	4	0	1	4
fimG	3	0	0	2
fimH	10	2	4	8
gntP	12	11	15	26
uxuA	35	43	50	49
uxuB	44	33	33	47
uxuR	27	21	33	35
yjiC	0	0	0	0
ytiC	0	0	0	0
ytiD	0	0	0	0
idlP	0	0	0	0
iraD	1	1	2	1
hypT	16	10	14	18
iadA	57	50	60	50
yjiG	0	0	0	0
yjiH	0	0	0	0
kptA	2	3	4	9
yjiJ	1	2	5	5
yjiK	1	1	2	2
ytiA	1	0	0	0
yjiL	2	2	6	3
yjiM	10	7	26	25
yjiN	7	11	17	12
mdtM	17	10	11	12
yjiR	5	3	6	1
yjiS	0	0	0	0
yjiT	80	54	86	82
mcrC	9	14	12	5
mcrB	36	37	33	34
symE	1	1	0	0
symR	0	0	0	0
hsdS	33	37	36	21
hsdM	79	80	61	59
hsdR	467	412	820	726
mrr	7	28	29	48
yjiA	73	67	56	61
yjiX	1	3	0	2
btsT	812	666	365	438
tsr	7	5	11	5
lgoT	24	5	6	15
lgoR	8	18	19	19
lgoD	0	1	0	1
opgB	83	84	59	50
yjjA	22	11	9	11
dnaC	21	9	15	12
dnaT	9	8	6	9
yjjB	4	3	8	6
yjjP	7	5	24	25
yjjQ	0	1	0	0
bglJ	0	0	0	0
fhuF	23	18	2	0
yjjZ	0	1	0	0
leuV	0	0	0	0
leuP	0	1	0	0
leuQ	0	0	0	0
rsmC	86	91	41	45
holD	14	4	10	6
rimI	15	8	5	5
yjjG	14	17	15	12
prfC	247	238	125	125
osmY	19	11	19	24
ytjA	0	0	0	1
yjjU	0	3	1	2
yjjV	3	0	6	2
yjjW	62	66	151	185
yjjI	256	270	668	735
deoC	28	39	86	89
deoA	83	77	161	189
deoB	372	317	580	666
deoD	311	280	382	507
yjjJ	24	14	18	26
lplA	17	16	23	31
ytjB	8	3	9	7
serB	55	47	33	17
radA	58	50	34	49
nadR	23	22	22	45
ettA	300	331	239	248
slt	67	64	102	93
trpR	0	0	1	3
yjjX	8	7	10	9
ytjC	14	10	17	18
rob	182	161	290	241
creA	9	4	5	5
creB	9	8	11	17
creC	12	10	9	12
creD	2	6	3	1
arcA	240	262	442	463
yjjY	0	0	0	0
yjtD	7	6	9	15
